Archive member included because of file (symbol)

C:/Freescale/CW MCU v10.6.4/MCU/ARM_GCC_Support/ewl/lib/armv6-m\libc.a(sscanf.o)
                              ./Sources/SystemInit.o (sscanf)
C:/Freescale/CW MCU v10.6.4/MCU/ARM_GCC_Support/ewl/lib/armv6-m\libc.a(sprintf.o)
                              ./Sources/UART.o (sprintf)
C:/Freescale/CW MCU v10.6.4/MCU/ARM_GCC_Support/ewl/lib/armv6-m\libc.a(vsscanf.o)
                              C:/Freescale/CW MCU v10.6.4/MCU/ARM_GCC_Support/ewl/lib/armv6-m\libc.a(sscanf.o) (vsscanf)
C:/Freescale/CW MCU v10.6.4/MCU/ARM_GCC_Support/ewl/lib/armv6-m\libc.a(exit.o)
                              ./Project_Settings/Startup_Code/__arm_start.o (exit)
C:/Freescale/CW MCU v10.6.4/MCU/ARM_GCC_Support/ewl/lib/armv6-m\libc.a(atoi.o)
                              ./Sources/SystemInit.o (atoi)
C:/Freescale/CW MCU v10.6.4/MCU/ARM_GCC_Support/ewl/lib/armv6-m\libc.a(__strtoul.o)
                              C:/Freescale/CW MCU v10.6.4/MCU/ARM_GCC_Support/ewl/lib/armv6-m\libc.a(atoi.o) (__strtoul)
C:/Freescale/CW MCU v10.6.4/MCU/ARM_GCC_Support/ewl/lib/armv6-m\libc.a(strchr.o)
                              ./Generated_Code/UTIL1.o (strchr)
C:/Freescale/CW MCU v10.6.4/MCU/ARM_GCC_Support/ewl/lib/armv6-m\libc.a(memset.o)
                              ./Project_Settings/Startup_Code/__arm_start.o (memset)
C:/Freescale/CW MCU v10.6.4/MCU/ARM_GCC_Support/ewl/lib/armv6-m\libc.a(strncmp.o)
                              ./Generated_Code/UTIL1.o (strncmp)
C:/Freescale/CW MCU v10.6.4/MCU/ARM_GCC_Support/ewl/lib/armv6-m\libc.a(__filll_mem.o)
                              C:/Freescale/CW MCU v10.6.4/MCU/ARM_GCC_Support/ewl/lib/armv6-m\libc.a(memset.o) (__fill_mem)
C:/Freescale/CW MCU v10.6.4/MCU/ARM_GCC_Support/ewl/lib/armv6-m\libc.a(strcat.o)
                              ./Sources/BLE.o (strcat)
C:/Freescale/CW MCU v10.6.4/MCU/ARM_GCC_Support/ewl/lib/armv6-m\libc.a(memcpy.o)
                              ./Generated_Code/IntFlashLdd1.o (memcpy)
C:/Freescale/CW MCU v10.6.4/MCU/ARM_GCC_Support/ewl/lib/armv6-m\libc.a(strcpy.o)
                              ./Sources/BLE.o (strcpy)
C:/Freescale/CW MCU v10.6.4/MCU/ARM_GCC_Support/ewl/lib/armv6-m\libc.a(strcmp.o)
                              ./Sources/SystemInit.o (strcmp)
C:/Freescale/CW MCU v10.6.4/MCU/ARM_GCC_Support/ewl/lib/armv6-m\libc.a(strlen.o)
                              ./Generated_Code/UTIL1.o (strlen)
C:/Freescale/CW MCU v10.6.4/MCU/ARM_GCC_Support/ewl/lib/armv6-m\libc.a(printformat_fp.o)
                              (__pformatterFP)
C:/Freescale/CW MCU v10.6.4/MCU/ARM_GCC_Support/ewl/lib/armv6-m\libc.a(scanformat_.o)
                              (__sformatter)
C:/Freescale/CW MCU v10.6.4/MCU/ARM_GCC_Support/ewl/lib/armv6-m\libc.a(ctype_aeabi.o)
                              C:/Freescale/CW MCU v10.6.4/MCU/ARM_GCC_Support/ewl/lib/armv6-m\libc.a(__strtoul.o) (isalpha)
C:/Freescale/CW MCU v10.6.4/MCU/ARM_GCC_Support/ewl/lib/armv6-m\libc.a(errno.o)
                              C:/Freescale/CW MCU v10.6.4/MCU/ARM_GCC_Support/ewl/lib/armv6-m\libc.a(atoi.o) (errno)
C:/Freescale/CW MCU v10.6.4/MCU/ARM_GCC_Support/ewl/lib/armv6-m\libc.a(vsnprintf.o)
                              C:/Freescale/CW MCU v10.6.4/MCU/ARM_GCC_Support/ewl/lib/armv6-m\libc.a(sprintf.o) (vsnprintf)
C:/Freescale/CW MCU v10.6.4/MCU/ARM_GCC_Support/ewl/lib/armv6-m\libc.a(memchr.o)
                              C:/Freescale/CW MCU v10.6.4/MCU/ARM_GCC_Support/ewl/lib/armv6-m\libc.a(printformat_fp.o) (memchr)
C:/Freescale/CW MCU v10.6.4/MCU/ARM_GCC_Support/ewl/lib/armv6-m\libm.a(ansi_fp.o)
                              C:/Freescale/CW MCU v10.6.4/MCU/ARM_GCC_Support/ewl/lib/armv6-m\libc.a(printformat_fp.o) (__num2dec)
C:/Freescale/CW MCU v10.6.4/MCU/ARM_GCC_Support/ewl/lib/armv6-m\libm.a(w_pow.o)
                              C:/Freescale/CW MCU v10.6.4/MCU/ARM_GCC_Support/ewl/lib/armv6-m\libm.a(ansi_fp.o) (pow)
C:/Freescale/CW MCU v10.6.4/MCU/ARM_GCC_Support/ewl/lib/armv6-m\libm.a(e_pow.o)
                              C:/Freescale/CW MCU v10.6.4/MCU/ARM_GCC_Support/ewl/lib/armv6-m\libm.a(w_pow.o) (__ieee754_pow)
C:/Freescale/CW MCU v10.6.4/MCU/ARM_GCC_Support/ewl/lib/armv6-m\libm.a(scalbn.o)
                              C:/Freescale/CW MCU v10.6.4/MCU/ARM_GCC_Support/ewl/lib/armv6-m\libm.a(e_pow.o) (scalbn)
C:/Freescale/CW MCU v10.6.4/MCU/ARM_GCC_Support/ewl/lib/armv6-m\libm.a(w_sqrt.o)
                              C:/Freescale/CW MCU v10.6.4/MCU/ARM_GCC_Support/ewl/lib/armv6-m\libm.a(e_pow.o) (sqrt)
C:/Freescale/CW MCU v10.6.4/MCU/ARM_GCC_Support/ewl/lib/armv6-m\libm.a(math_api.o)
                              C:/Freescale/CW MCU v10.6.4/MCU/ARM_GCC_Support/ewl/lib/armv6-m\libm.a(ansi_fp.o) (__signbitd)
C:/Freescale/CW MCU v10.6.4/MCU/ARM_GCC_Support/ewl/lib/armv6-m\libm.a(float.o)
                              C:/Freescale/CW MCU v10.6.4/MCU/ARM_GCC_Support/ewl/lib/armv6-m\libm.a(ansi_fp.o) (__double_nan)
[...]
Memory Configuration

Name             Origin             Length             Attributes
m_bootvectors    0x00000000         0x000000c0         xr
m_startcode      0x000000c0         0x00000340         xr
m_cfmprotrom     0x00000400         0x00000010         xr
m_bootcode       0x00000410         0x00001af0         xr
m_bootstring     0x00001f00         0x00000100         r
m_interrupts     0x00002000         0x000000c0         xr
m_text           0x000020c0         0x0001db40         xr
My_Data          0x0001fc00         0x00000400         rw
m_data_lower     0x1ffff000         0x00001000         xrw
m_data           0x20000000         0x00003000         xrw
*default*        0x00000000         0xffffffff

Linker script and memory map

LOAD ./Generated_Code/WDog1.o
LOAD ./Generated_Code/Vectors.o
LOAD ./Generated_Code/UartWakeInt.o
LOAD ./Generated_Code/UartWake.o
LOAD ./Generated_Code/UTIL1.o
LOAD ./Generated_Code/UNLATCH.o
LOAD ./Generated_Code/TimerIntLdd1.o
LOAD ./Generated_Code/TU1.o
LOAD ./Generated_Code/TI1.o
LOAD ./Generated_Code/TButton.o
LOAD ./Generated_Code/SolarCheck.o
LOAD ./Generated_Code/Sentinel.o
LOAD ./Generated_Code/PE_LDD.o
LOAD ./Generated_Code/MCUC1.o
LOAD ./Generated_Code/LatchCurrent.o
LOAD ./Generated_Code/LatchCheck.o
LOAD ./Generated_Code/LPTMR0.o
LOAD ./Generated_Code/LED.o
LOAD ./Generated_Code/LATCH.o
LOAD ./Generated_Code/IntFlashLdd1.o
LOAD ./Generated_Code/IRRecPwr.o
LOAD ./Generated_Code/IRDRV.o
LOAD ./Generated_Code/IFsh1.o
LOAD ./Generated_Code/ExtIntLdd1.o
LOAD ./Generated_Code/Cpu.o
LOAD ./Generated_Code/COMCable.o
LOAD ./Generated_Code/BleXres.o
LOAD ./Generated_Code/BitIoLdd9.o
LOAD ./Generated_Code/BitIoLdd8.o
LOAD ./Generated_Code/BitIoLdd7.o
LOAD ./Generated_Code/BitIoLdd6.o
LOAD ./Generated_Code/BitIoLdd5.o
LOAD ./Generated_Code/BitIoLdd4.o
LOAD ./Generated_Code/BitIoLdd3.o
LOAD ./Generated_Code/BitIoLdd2.o
LOAD ./Generated_Code/BitIoLdd12.o
LOAD ./Generated_Code/BitIoLdd11.o
LOAD ./Generated_Code/BitIoLdd10.o
LOAD ./Generated_Code/BitIoLdd1.o
LOAD ./Generated_Code/BatteryMidCheck.o
LOAD ./Generated_Code/BatteryCheck.o
LOAD ./Generated_Code/AdcLdd1.o
LOAD ./Generated_Code/ASerialLdd1.o
LOAD ./Generated_Code/AS1.o
LOAD ./Generated_Code/AD1.o
LOAD ./Project_Settings/Startup_Code/__arm_start.o
LOAD ./Project_Settings/Startup_Code/__arm_end.o
LOAD ./Sources/sa_mtb.o
LOAD ./Sources/main.o
LOAD ./Sources/boot.o
LOAD ./Sources/UART.o
LOAD ./Sources/TouchSensor.o
LOAD ./Sources/Timing.o
LOAD ./Sources/SystemInit.o
LOAD ./Sources/PowerSupply.o
LOAD ./Sources/Operation.o
LOAD ./Sources/NCP_Helpers.o
LOAD ./Sources/IRSensor.o
LOAD ./Sources/Events.o
LOAD ./Sources/BLE.o
LOAD ./Sources/Ant.o
LOAD ./Sources/src/MessageWriter.o
LOAD ./Sources/src/MessageBuffer.o
LOAD ./Sources/src/BlynkRpcUartFraming.o
LOAD ./Sources/src/BlynkRpcInfraUart.o
LOAD ./Sources/src/BlynkRpcInfra.o
LOAD ./Sources/src/BlynkRpcClientWeakImpl.o
LOAD ./Sources/src/BlynkRpcClient.o
LOAD ./Sources/src/BlynkRpcCRC8.o
                0x00007208                __pformatter = __pformatterFP
                [0x00007a60]                __sformatter = __sformatter
START GROUP
LOAD C:/Freescale/CW MCU v10.6.4/MCU/ARM_GCC_Support/ewl/lib/armv6-m\libc.a
LOAD C:/Freescale/CW MCU v10.6.4/MCU/ARM_GCC_Support/ewl/lib/armv6-m\libm.a
LOAD c:/freescale/cw mcu v10.6.4/cross_tools/arm-none-eabi-gcc-4_7_3/bin/../lib/gcc/arm-none-eabi/4.7.3/armv6-m\libgcc.a
LOAD C:/Freescale/CW MCU v10.6.4/MCU/ARM_GCC_Support/ewl/lib/armv6-m\librt.a
LOAD C:/Freescale/CW MCU v10.6.4/MCU/ARM_GCC_Support/ewl/lib/armv6-m\libuart.a
END GROUP
                0x20003000                _estack = 0x20003000
                0x20003000                __SP_INIT = _estack
                0x00000400                __heap_size = 0x400
                0x00000400                __stack_size = 0x400
                0x00002000                __APP_SP_INIT = 0x2000
                0x00002004                __APP_PC_INIT = 0x2004
                0x00000080                __TOTAL_FLASH_SECTOR_COUNT = 0x80
                0x00000008                __BOOT_FLASH_SECTOR_COUNT = 0x8
                0x00000078                __APP_FLASH_SECTOR_COUNT = (__TOTAL_FLASH_SECTOR_COUNT - __BOOT_FLASH_SECTOR_COUNT)

.boot_table     0x00000000       0xc0
                0x00000000                __boot_vector_table = .
                0x00000000                . = ALIGN (0x4)
 *(.bootvectortable)
 .bootvectortable
                0x00000000       0xc0 ./Sources/boot.o
                0x00000000                __boot_vect_table
                0x000000c0                . = ALIGN (0x4)

.startupcode    0x000000c0      0x1dc
                0x000000c0                . = ALIGN (0x4)
 *(.startcode)
 .startcode     0x000000c0      0x1dc ./Sources/boot.o
                0x000000c0                Boot_Reset
                0x00000100                Boot_Entry
                0x0000018c                boot_Putc
                0x000001a8                boot_PutCRLF
                0x000001e4                boot_Getc
                0x0000020c                boot_Gethex
                0x00000268                boot_ASCIItoHex
                0x00000288                boot_ASCIItoUpper
                0x0000029c                . = ALIGN (0x4)

.bootloadercode
                0x00000410      0x9ec
                0x00000410                . = ALIGN (0x4)
 *(.bootcode)
 .bootcode      0x00000410      0x9ec ./Sources/boot.o
                0x00000410                Boot_Command
                0x00000dfc                . = ALIGN (0x4)

.bootloaderstring
                0x00001f00       0xd8
                0x00001f00                . = ALIGN (0x4)
 *(.bootstring)
 .bootstring    0x00001f00       0xd8 ./Sources/boot.o
                0x00001f00                str_Hello
                0x00001f14                str_Prompt
                0x00001f20                str_What
                0x00001f2c                str_List
                0x00001f70                str_Erasing
                0x00001f7c                str_Erasing1
                0x00001f8c                str_Verified
                0x00001f98                str_Failed
                0x00001fa4                str_SendSrec
                0x00001fbc                str_Programming
                0x00001fcc                str_Done
                0x00001fd8                . = ALIGN (0x4)

.interrupts     0x00002000       0xc0
                0x00002000                __vector_table = .
                0x00002000                . = ALIGN (0x4)
 *(.vectortable)
 .vectortable   0x00002000       0xc0 ./Generated_Code/Vectors.o
                0x00002000                __vect_table
                0x000020c0                . = ALIGN (0x4)

.cfmprotect     0x00000400       0x10
                0x00000400                . = ALIGN (0x4)
 *(.cfmconfig)
 .cfmconfig     0x00000400       0x10 ./Sources/boot.o
                0x00000400                _cfm
                0x00000410                . = ALIGN (0x4)

.text           0x000020c0     0x6a20
                0x000020c0                . = ALIGN (0x4)
 *(.text)
 .text          0x000020c0       0x14 c:/freescale/cw mcu v10.6.4/cross_tools/arm-none-eabi-gcc-4_7_3/bin/../lib/gcc/arm-none-eabi/4.7.3/armv6-m\libgcc.a(_thumb1_case_sqi.o)
                0x000020c0                __gnu_thumb1_case_sqi
 .text          0x000020d4       0x14 c:/freescale/cw mcu v10.6.4/cross_tools/arm-none-eabi-gcc-4_7_3/bin/../lib/gcc/arm-none-eabi/4.7.3/armv6-m\libgcc.a(_thumb1_case_uqi.o)
                0x000020d4                __gnu_thumb1_case_uqi
 .text          0x000020e8       0x9c c:/freescale/cw mcu v10.6.4/cross_tools/arm-none-eabi-gcc-4_7_3/bin/../lib/gcc/arm-none-eabi/4.7.3/armv6-m\libgcc.a(_udivsi3.o)
                0x000020e8                __aeabi_uidiv
                0x000020e8                __udivsi3
                0x00002170                __aeabi_uidivmod
 .text          0x00002184       0xc0 c:/freescale/cw mcu v10.6.4/cross_tools/arm-none-eabi-gcc-4_7_3/bin/../lib/gcc/arm-none-eabi/4.7.3/armv6-m\libgcc.a(_divsi3.o)
                0x00002184                __divsi3
                0x00002184                __aeabi_idiv
                0x00002230                __aeabi_idivmod
 .text          0x00002244        0x4 c:/freescale/cw mcu v10.6.4/cross_tools/arm-none-eabi-gcc-4_7_3/bin/../lib/gcc/arm-none-eabi/4.7.3/armv6-m\libgcc.a(_dvmd_tls.o)
                0x00002244                __aeabi_idiv0
                0x00002244                __aeabi_ldiv0
 .text          0x00002248       0x7c c:/freescale/cw mcu v10.6.4/cross_tools/arm-none-eabi-gcc-4_7_3/bin/../lib/gcc/arm-none-eabi/4.7.3/armv6-m\libgcc.a(_arm_cmpdf2.o)
                0x00002248                __aeabi_cdrcmple
                0x00002258                __aeabi_cdcmple
                0x00002258                __aeabi_cdcmpeq
                0x00002268                __aeabi_dcmpeq
                0x00002274                __aeabi_dcmplt
                0x00002288                __aeabi_dcmple
                0x0000229c                __aeabi_dcmpgt
                0x000022b0                __aeabi_dcmpge
 .text          0x000022c4      0x5b8 c:/freescale/cw mcu v10.6.4/cross_tools/arm-none-eabi-gcc-4_7_3/bin/../lib/gcc/arm-none-eabi/4.7.3/armv6-m\libgcc.a(divdf3.o)
                0x000022c4                __aeabi_ddiv
 .text          0x0000287c       0x7c c:/freescale/cw mcu v10.6.4/cross_tools/arm-none-eabi-gcc-4_7_3/bin/../lib/gcc/arm-none-eabi/4.7.3/armv6-m\libgcc.a(eqdf2.o)
                0x0000287c                __nedf2
                0x0000287c                __eqdf2
 .text          0x000028f8       0xe8 c:/freescale/cw mcu v10.6.4/cross_tools/arm-none-eabi-gcc-4_7_3/bin/../lib/gcc/arm-none-eabi/4.7.3/armv6-m\libgcc.a(gedf2.o)
                0x000028f8                __gedf2
                0x000028f8                __gtdf2
 .text          0x000029e0       0xd8 c:/freescale/cw mcu v10.6.4/cross_tools/arm-none-eabi-gcc-4_7_3/bin/../lib/gcc/arm-none-eabi/4.7.3/armv6-m\libgcc.a(ledf2.o)
                0x000029e0                __ledf2
                0x000029e0                __ltdf2
 .text          0x00002ab8      0x4e4 c:/freescale/cw mcu v10.6.4/cross_tools/arm-none-eabi-gcc-4_7_3/bin/../lib/gcc/arm-none-eabi/4.7.3/armv6-m\libgcc.a(muldf3.o)
                0x00002ab8                __aeabi_dmul
 .text          0x00002f9c      0x6f8 c:/freescale/cw mcu v10.6.4/cross_tools/arm-none-eabi-gcc-4_7_3/bin/../lib/gcc/arm-none-eabi/4.7.3/armv6-m\libgcc.a(subdf3.o)
                0x00002f9c                __aeabi_dsub
 .text          0x00003694       0x68 c:/freescale/cw mcu v10.6.4/cross_tools/arm-none-eabi-gcc-4_7_3/bin/../lib/gcc/arm-none-eabi/4.7.3/armv6-m\libgcc.a(fixdfsi.o)
                0x00003694                __aeabi_d2iz
 .text          0x000036fc       0x74 c:/freescale/cw mcu v10.6.4/cross_tools/arm-none-eabi-gcc-4_7_3/bin/../lib/gcc/arm-none-eabi/4.7.3/armv6-m\libgcc.a(floatsidf.o)
                0x000036fc                __aeabi_i2d
 .text          0x00003770       0x3c c:/freescale/cw mcu v10.6.4/cross_tools/arm-none-eabi-gcc-4_7_3/bin/../lib/gcc/arm-none-eabi/4.7.3/armv6-m\libgcc.a(_clzsi2.o)
                0x00003770                __clzsi2
 *(.text*)
 .text.WDog1_Init
                0x000037ac       0x48 ./Generated_Code/WDog1.o
                0x000037ac                WDog1_Init
 .text.WDog1_Clear
                0x000037f4       0x90 ./Generated_Code/WDog1.o
                0x000037f4                WDog1_Clear
 .text.ExtIntLdd1_OnInterrupt
                0x00003884       0x14 ./Generated_Code/UartWakeInt.o
                0x00003884                ExtIntLdd1_OnInterrupt
 .text.TimerIntLdd1_Init
                0x00003898       0x50 ./Generated_Code/TimerIntLdd1.o
                0x00003898                TimerIntLdd1_Init
 .text.TU1_OnCounterRestart
                0x000038e8       0x24 ./Generated_Code/TimerIntLdd1.o
                0x000038e8                TU1_OnCounterRestart
 .text.TU1_Init
                0x0000390c       0xe4 ./Generated_Code/TU1.o
                0x0000390c                TU1_Init
 .text.TU1_Interrupt
                0x000039f0       0x5c ./Generated_Code/TU1.o
                0x000039f0                TU1_Interrupt
 .text.TimerIntLdd1_OnInterrupt
                0x00003a4c       0x14 ./Generated_Code/TI1.o
                0x00003a4c                TimerIntLdd1_OnInterrupt
 .text.TButton_Init
                0x00003a60       0x68 ./Generated_Code/TButton.o
                0x00003a60                TButton_Init
 .text.LatchCurrent_Init
                0x00003ac8       0x90 ./Generated_Code/LatchCurrent.o
                0x00003ac8                LatchCurrent_Init
 .text.LatchCurrent_Interrupt
                0x00003b58       0x40 ./Generated_Code/LatchCurrent.o
                0x00003b58                LatchCurrent_Interrupt
 .text.LPTMR0_Init
                0x00003b98       0x50 ./Generated_Code/LPTMR0.o
                0x00003b98                LPTMR0_Init
 .text.IntFlashLdd1_Init
                0x00003be8       0x5c ./Generated_Code/IntFlashLdd1.o
                0x00003be8                IntFlashLdd1_Init
 .text.IRDRV_Init
                0x00003c44       0xa8 ./Generated_Code/IRDRV.o
                0x00003c44                IRDRV_Init
 .text.IFsh1_Init
                0x00003cec       0x2c ./Generated_Code/IFsh1.o
                0x00003cec                IFsh1_Init
 .text.ExtIntLdd1_Init
                0x00003d18       0x90 ./Generated_Code/ExtIntLdd1.o
                0x00003d18                ExtIntLdd1_Init
 .text.ExtIntLdd1_Interrupt
                0x00003da8       0x40 ./Generated_Code/ExtIntLdd1.o
                0x00003da8                ExtIntLdd1_Interrupt
 .text.Cpu_GetLLSWakeUpFlags
                0x00003de8       0x68 ./Generated_Code/Cpu.o
                0x00003de8                Cpu_GetLLSWakeUpFlags
 .text.Cpu_ivINT_PORTC_PORTD
                0x00003e50       0x10 ./Generated_Code/Cpu.o
                0x00003e50                Cpu_ivINT_PORTC_PORTD
 .text.Cpu_INT_LLWInterrupt
                0x00003e60       0x48 ./Generated_Code/Cpu.o
                0x00003e60                Cpu_INT_LLWInterrupt
 .text.Cpu_Interrupt
                0x00003ea8        0xc ./Generated_Code/Cpu.o
                0x00003ea8                Cpu_Interrupt
 .text.__init_hardware
                0x00003eb4      0x13c ./Generated_Code/Cpu.o
                0x00003eb4                __init_hardware
 .text.PE_low_level_init
                0x00003ff0      0x2a8 ./Generated_Code/Cpu.o
                0x00003ff0                PE_low_level_init
 .text.BitIoLdd9_Init
                0x00004298       0x60 ./Generated_Code/BitIoLdd9.o
                0x00004298                BitIoLdd9_Init
 .text.BitIoLdd8_Init
                0x000042f8       0x68 ./Generated_Code/BitIoLdd8.o
                0x000042f8                BitIoLdd8_Init
 .text.BitIoLdd7_Init
                0x00004360       0x54 ./Generated_Code/BitIoLdd7.o
                0x00004360                BitIoLdd7_Init
 .text.BitIoLdd6_Init
                0x000043b4       0x64 ./Generated_Code/BitIoLdd6.o
                0x000043b4                BitIoLdd6_Init
 .text.BitIoLdd5_Init
                0x00004418       0x60 ./Generated_Code/BitIoLdd5.o
                0x00004418                BitIoLdd5_Init
 .text.BitIoLdd4_Init
                0x00004478       0x60 ./Generated_Code/BitIoLdd4.o
                0x00004478                BitIoLdd4_Init
 .text.BitIoLdd3_Init
                0x000044d8       0x64 ./Generated_Code/BitIoLdd3.o
                0x000044d8                BitIoLdd3_Init
 .text.BitIoLdd2_Init
                0x0000453c       0x60 ./Generated_Code/BitIoLdd2.o
                0x0000453c                BitIoLdd2_Init
 .text.BitIoLdd12_Init
                0x0000459c       0x48 ./Generated_Code/BitIoLdd12.o
                0x0000459c                BitIoLdd12_Init
 .text.BitIoLdd11_Init
                0x000045e4       0x64 ./Generated_Code/BitIoLdd11.o
                0x000045e4                BitIoLdd11_Init
 .text.BitIoLdd10_Init
                0x00004648       0x60 ./Generated_Code/BitIoLdd10.o
                0x00004648                BitIoLdd10_Init
 .text.BitIoLdd1_Init
                0x000046a8       0x60 ./Generated_Code/BitIoLdd1.o
                0x000046a8                BitIoLdd1_Init
 .text.AdcLdd1_Init
                0x00004708       0xdc ./Generated_Code/AdcLdd1.o
                0x00004708                AdcLdd1_Init
 .text.ASerialLdd1_Init
                0x000047e4      0x1b8 ./Generated_Code/ASerialLdd1.o
                0x000047e4                ASerialLdd1_Init
 .text.ASerialLdd1_Enable
                0x0000499c       0x70 ./Generated_Code/ASerialLdd1.o
                0x0000499c                ASerialLdd1_Enable
 .text.ASerialLdd1_Disable
                0x00004a0c       0x68 ./Generated_Code/ASerialLdd1.o
                0x00004a0c                ASerialLdd1_Disable
 .text.ASerialLdd1_ReceiveBlock
                0x00004a74       0xa4 ./Generated_Code/ASerialLdd1.o
                0x00004a74                ASerialLdd1_ReceiveBlock
 .text.ASerialLdd1_SendBlock
                0x00004b18       0xd0 ./Generated_Code/ASerialLdd1.o
                0x00004b18                ASerialLdd1_SendBlock
 .text.ASerialLdd1_TurnTxOn
                0x00004be8       0x28 ./Generated_Code/ASerialLdd1.o
                0x00004be8                ASerialLdd1_TurnTxOn
 .text.ASerialLdd1_TurnRxOn
                0x00004c10       0x28 ./Generated_Code/ASerialLdd1.o
                0x00004c10                ASerialLdd1_TurnRxOn
 .text.InterruptRx
                0x00004c38       0x58 ./Generated_Code/ASerialLdd1.o
 .text.InterruptTx
                0x00004c90       0x9c ./Generated_Code/ASerialLdd1.o
 .text.ASerialLdd1_Interrupt
                0x00004d2c      0x11c ./Generated_Code/ASerialLdd1.o
                0x00004d2c                ASerialLdd1_Interrupt
 .text.ASerialLdd1_GetError
                0x00004e48       0x80 ./Generated_Code/ASerialLdd1.o
                0x00004e48                ASerialLdd1_GetError
 .text.HWEnDi   0x00004ec8       0x80 ./Generated_Code/AS1.o
 .text.AS1_Enable
                0x00004f48       0x24 ./Generated_Code/AS1.o
                0x00004f48                AS1_Enable
 .text.AS1_RecvChar
                0x00004f6c       0xe8 ./Generated_Code/AS1.o
                0x00004f6c                AS1_RecvChar
 .text.AS1_SendChar
                0x00005054       0xf8 ./Generated_Code/AS1.o
                0x00005054                AS1_SendChar
 .text.AS1_GetCharsInRxBuf
                0x0000514c       0x14 ./Generated_Code/AS1.o
                0x0000514c                AS1_GetCharsInRxBuf
 .text.AS1_Init
                0x00005160       0x6c ./Generated_Code/AS1.o
                0x00005160                AS1_Init
 .text.AS1_TurnRxOn
                0x000051cc       0x18 ./Generated_Code/AS1.o
                0x000051cc                AS1_TurnRxOn
 .text.AS1_TurnTxOn
                0x000051e4       0x18 ./Generated_Code/AS1.o
                0x000051e4                AS1_TurnTxOn
 .text.ASerialLdd1_OnBlockReceived
                0x000051fc       0x80 ./Generated_Code/AS1.o
                0x000051fc                ASerialLdd1_OnBlockReceived
 .text.ASerialLdd1_OnBlockSent
                0x0000527c       0x88 ./Generated_Code/AS1.o
                0x0000527c                ASerialLdd1_OnBlockSent
 .text.ASerialLdd1_OnError
                0x00005304       0x90 ./Generated_Code/AS1.o
                0x00005304                ASerialLdd1_OnError
 .text.ASerialLdd1_OnTxComplete
                0x00005394       0x14 ./Generated_Code/AS1.o
                0x00005394                ASerialLdd1_OnTxComplete
 .text.ASerialLdd1_OnBreak
                0x000053a8       0x20 ./Generated_Code/AS1.o
                0x000053a8                ASerialLdd1_OnBreak
 .text.AD1_Init
                0x000053c8       0x40 ./Generated_Code/AD1.o
                0x000053c8                AD1_Init
 .text.zero_fill_bss
                0x00005408       0x24 ./Project_Settings/Startup_Code/__arm_start.o
 .text.__thumb_startup
                0x0000542c       0x30 ./Project_Settings/Startup_Code/__arm_start.o
                0x0000542c                __thumb_startup
 .text._ExitProcess
                0x0000545c        0xc ./Project_Settings/Startup_Code/__arm_end.o
                0x0000545c                _ExitProcess
 .text.main     0x00005468       0x30 ./Sources/main.o
                0x00005468                main
 .text.Boot_Default_Handler
                0x00005498        0xc ./Sources/boot.o
                0x00005498                Boot_Default_Handler
                0x00005498                Boot_SysTick_Handler
                0x00005498                Boot_HardFault_Handler
                0x00005498                Boot_PendSV_Handler
                0x00005498                Boot_SVC_Handler
                0x00005498                Boot_NMI_Handler
 .text.rpc_ncp_ping
                0x000054a4       0x80 ./Sources/NCP_Helpers.o
 .text.rpc_hw_setUartBaudRate
                0x00005524       0xf0 ./Sources/NCP_Helpers.o
 .text.rpc_blynk_getNcpVersion
                0x00005614       0xf4 ./Sources/NCP_Helpers.o
 .text.rpc_blynk_setFirmwareInfo
                0x00005708      0x10c ./Sources/NCP_Helpers.o
 .text.rpc_blynk_initialize
                0x00005814       0xfc ./Sources/NCP_Helpers.o
 .text.rpc_blynk_setConfigTimeout
                0x00005910       0xf4 ./Sources/NCP_Helpers.o
 .text.rpc_blynk_virtualWrite
                0x00005a04       0x50 ./Sources/NCP_Helpers.o
 .text.rpc_uart_available
                0x00005a54       0x10 ./Sources/NCP_Helpers.o
                0x00005a54                rpc_uart_available
 .text.rpc_uart_read
                0x00005a64       0x1c ./Sources/NCP_Helpers.o
                0x00005a64                rpc_uart_read
 .text.rpc_uart_write
                0x00005a80       0x20 ./Sources/NCP_Helpers.o
                0x00005a80                rpc_uart_write
 .text.rpc_uart_flush
                0x00005aa0       0x20 ./Sources/NCP_Helpers.o
                0x00005aa0                rpc_uart_flush
 .text.millis   0x00005ac0       0x14 ./Sources/NCP_Helpers.o
                0x00005ac0                millis
 .text.rpc_system_millis
                0x00005ad4       0x10 ./Sources/NCP_Helpers.o
                0x00005ad4                rpc_system_millis
 .text.ncpSetupSerial
                0x00005ae4       0xa8 ./Sources/NCP_Helpers.o
                0x00005ae4                ncpSetupSerial
 .text.virtualWrite
                0x00005b8c       0x3c ./Sources/NCP_Helpers.o
                0x00005b8c                virtualWrite
 .text.NCP_init
                0x00005bc8       0x5c ./Sources/NCP_Helpers.o
                0x00005bc8                NCP_init
 .text.sendPeriodicMessage
                0x00005c24       0x38 ./Sources/NCP_Helpers.o
                0x00005c24                sendPeriodicMessage
 .text.rpc_client_blynkVPinChange_impl
                0x00005c5c       0x28 ./Sources/NCP_Helpers.o
                0x00005c5c                rpc_client_blynkVPinChange_impl
 .text.rpc_client_blynkStateChange_impl
                0x00005c84       0x28 ./Sources/NCP_Helpers.o
                0x00005c84                rpc_client_blynkStateChange_impl
 .text.rpc_client_processEvent_impl
                0x00005cac       0x2c ./Sources/NCP_Helpers.o
                0x00005cac                rpc_client_processEvent_impl
 .text.LPTmr    0x00005cd8       0x18 ./Sources/Events.o
                0x00005cd8                LPTmr
 .text.Cpu_OnReset
                0x00005cf0       0x20 ./Sources/Events.o
                0x00005cf0                Cpu_OnReset
 .text.Cpu_OnLLSWakeUpINT
                0x00005d10       0x5c ./Sources/Events.o
                0x00005d10                Cpu_OnLLSWakeUpINT
 .text.AS1_OnTxComplete
                0x00005d6c       0x14 ./Sources/Events.o
                0x00005d6c                AS1_OnTxComplete
 .text.UnUseINT
                0x00005d80       0x10 ./Sources/Events.o
                0x00005d80                UnUseINT
 .text.TI1_OnInterrupt
                0x00005d90       0x3c ./Sources/Events.o
                0x00005d90                TI1_OnInterrupt
 .text.LatchCurrent_OnInterrupt
                0x00005dcc       0x18 ./Sources/Events.o
                0x00005dcc                LatchCurrent_OnInterrupt
 .text.UartWakeInt_OnInterrupt
                0x00005de4       0x14 ./Sources/Events.o
                0x00005de4                UartWakeInt_OnInterrupt
 .text.MessageWriter_writeString
                0x00005df8       0x44 ./Sources/src/MessageWriter.o
                0x00005df8                MessageWriter_writeString
 .text.MessageWriter_writeBinary
                0x00005e3c       0x3c ./Sources/src/MessageWriter.o
                0x00005e3c                MessageWriter_writeBinary
 .text.MessageWriter_writeBool
                0x00005e78       0x28 ./Sources/src/MessageWriter.o
                0x00005e78                MessageWriter_writeBool
 .text.MessageWriter_writeUInt8
                0x00005ea0       0x20 ./Sources/src/MessageWriter.o
                0x00005ea0                MessageWriter_writeUInt8
 .text.MessageWriter_writeUInt16
                0x00005ec0       0x20 ./Sources/src/MessageWriter.o
                0x00005ec0                MessageWriter_writeUInt16
 .text.MessageWriter_writeUInt32
                0x00005ee0       0x1c ./Sources/src/MessageWriter.o
                0x00005ee0                MessageWriter_writeUInt32
 .text.MessageWriter_begin
                0x00005efc       0x10 ./Sources/src/MessageWriter.o
                0x00005efc                MessageWriter_begin
 .text.MessageWriter_end
                0x00005f0c       0x10 ./Sources/src/MessageWriter.o
                0x00005f0c                MessageWriter_end
 .text.MessageWriter_write
                0x00005f1c       0x20 ./Sources/src/MessageWriter.o
                0x00005f1c                MessageWriter_write
 .text.MessageBuffer_init
                0x00005f3c       0x28 ./Sources/src/MessageBuffer.o
                0x00005f3c                MessageBuffer_init
 .text.MessageBuffer_rewind
                0x00005f64       0x1c ./Sources/src/MessageBuffer.o
                0x00005f64                MessageBuffer_rewind
 .text.MessageBuffer_reset
                0x00005f80       0x24 ./Sources/src/MessageBuffer.o
                0x00005f80                MessageBuffer_reset
 .text.MessageBuffer_setBuffer
                0x00005fa4       0x28 ./Sources/src/MessageBuffer.o
                0x00005fa4                MessageBuffer_setBuffer
 .text.MessageBuffer_setWritten
                0x00005fcc       0x18 ./Sources/src/MessageBuffer.o
                0x00005fcc                MessageBuffer_setWritten
 .text.MessageBuffer_availableToRead
                0x00005fe4       0x1c ./Sources/src/MessageBuffer.o
                0x00005fe4                MessageBuffer_availableToRead
 .text.MessageBuffer_getError
                0x00006000       0x14 ./Sources/src/MessageBuffer.o
                0x00006000                MessageBuffer_getError
 .text.MessageBuffer_readString
                0x00006014       0x70 ./Sources/src/MessageBuffer.o
                0x00006014                MessageBuffer_readString
 .text.MessageBuffer_readBinary
                0x00006084       0x54 ./Sources/src/MessageBuffer.o
                0x00006084                MessageBuffer_readBinary
 .text.MessageBuffer_readFixedBuffer
                0x000060d8       0x68 ./Sources/src/MessageBuffer.o
                0x000060d8                MessageBuffer_readFixedBuffer
 .text.MessageBuffer_readBool
                0x00006140       0x4c ./Sources/src/MessageBuffer.o
                0x00006140                MessageBuffer_readBool
 .text.MessageBuffer_readUInt8
                0x0000618c       0x24 ./Sources/src/MessageBuffer.o
                0x0000618c                MessageBuffer_readUInt8
 .text.MessageBuffer_readUInt16
                0x000061b0       0x24 ./Sources/src/MessageBuffer.o
                0x000061b0                MessageBuffer_readUInt16
 .text.MessageBuffer_readUInt32
                0x000061d4       0x24 ./Sources/src/MessageBuffer.o
                0x000061d4                MessageBuffer_readUInt32
 .text.MessageBuffer_read
                0x000061f8       0x68 ./Sources/src/MessageBuffer.o
                0x000061f8                MessageBuffer_read
 .text.rpc_crc8_reset
                0x00006260       0x14 ./Sources/src/BlynkRpcUartFraming.o
 .text.rpc_crc8_update
                0x00006274       0x2c ./Sources/src/BlynkRpcUartFraming.o
 .text.RpcUartFraming_init
                0x000062a0       0x28 ./Sources/src/BlynkRpcUartFraming.o
                0x000062a0                RpcUartFraming_init
 .text.RpcUartFraming_hasPacketData
                0x000062c8       0x20 ./Sources/src/BlynkRpcUartFraming.o
 .text.RpcUartFraming_processInput
                0x000062e8      0x148 ./Sources/src/BlynkRpcUartFraming.o
 .text.RpcUartFraming_writeByte
                0x00006430       0x78 ./Sources/src/BlynkRpcUartFraming.o
 .text.RpcUartFraming_beginPacket
                0x000064a8       0x1c ./Sources/src/BlynkRpcUartFraming.o
                0x000064a8                RpcUartFraming_beginPacket
 .text.RpcUartFraming_endPacket
                0x000064c4       0x24 ./Sources/src/BlynkRpcUartFraming.o
                0x000064c4                RpcUartFraming_endPacket
 .text.RpcUartFraming_finishedPacket
                0x000064e8       0x2c ./Sources/src/BlynkRpcUartFraming.o
                0x000064e8                RpcUartFraming_finishedPacket
 .text.RpcUartFraming_checkPacketCRC
                0x00006514       0x8c ./Sources/src/BlynkRpcUartFraming.o
                0x00006514                RpcUartFraming_checkPacketCRC
 .text.RpcUartFraming_write
                0x000065a0       0x4c ./Sources/src/BlynkRpcUartFraming.o
                0x000065a0                RpcUartFraming_write
 .text.RpcUartFraming_available
                0x000065ec       0x28 ./Sources/src/BlynkRpcUartFraming.o
                0x000065ec                RpcUartFraming_available
 .text.RpcUartFraming_read
                0x00006614       0x78 ./Sources/src/BlynkRpcUartFraming.o
                0x00006614                RpcUartFraming_read
 .text.rpc_recv_msg
                0x0000668c       0xa4 ./Sources/src/BlynkRpcInfraUart.o
                0x0000668c                rpc_recv_msg
 .text.rpc_set_status
                0x00006730       0x20 ./Sources/src/BlynkRpcInfra.o
                0x00006730                rpc_set_status
 .text.rpc_handle_msg
                0x00006750       0xb0 ./Sources/src/BlynkRpcInfra.o
 .text.rpc_wait_result
                0x00006800       0xbc ./Sources/src/BlynkRpcInfra.o
                0x00006800                rpc_wait_result
 .text.rpc_run  0x000068bc       0x34 ./Sources/src/BlynkRpcInfra.o
                0x000068bc                rpc_run
 .text.rpc_mcu_reboot_impl
                0x000068f0        0xc ./Sources/src/BlynkRpcClientWeakImpl.o
                0x000068f0                rpc_mcu_reboot_impl
 .text.rpc_client_otaUpdateAvailable_impl
                0x000068fc       0x18 ./Sources/src/BlynkRpcClientWeakImpl.o
                0x000068fc                rpc_client_otaUpdateAvailable_impl
 .text.rpc_client_otaUpdateWrite_impl
                0x00006914       0x1c ./Sources/src/BlynkRpcClientWeakImpl.o
                0x00006914                rpc_client_otaUpdateWrite_impl
 .text.rpc_client_otaUpdateFinish_impl
                0x00006930        0xc ./Sources/src/BlynkRpcClientWeakImpl.o
                0x00006930                rpc_client_otaUpdateFinish_impl
 .text.rpc_client_otaUpdateCancel_impl
                0x0000693c        0x8 ./Sources/src/BlynkRpcClientWeakImpl.o
                0x0000693c                rpc_client_otaUpdateCancel_impl
 .text.rpc_mcu_ping_handler
                0x00006944       0x14 ./Sources/src/BlynkRpcClient.o
 .text.rpc_mcu_reboot_handler
                0x00006958       0x2c ./Sources/src/BlynkRpcClient.o
 .text.rpc_mcu_hasUID_handler
                0x00006984       0x68 ./Sources/src/BlynkRpcClient.o
 .text.rpc_client_blynkVPinChange_handler
                0x000069ec       0x5c ./Sources/src/BlynkRpcClient.o
 .text.rpc_client_blynkStateChange_handler
                0x00006a48       0x44 ./Sources/src/BlynkRpcClient.o
 .text.rpc_client_processEvent_handler
                0x00006a8c       0x44 ./Sources/src/BlynkRpcClient.o
 .text.rpc_client_otaUpdateAvailable_handler
                0x00006ad0       0xa4 ./Sources/src/BlynkRpcClient.o
 .text.rpc_client_otaUpdateWrite_handler
                0x00006b74       0x8c ./Sources/src/BlynkRpcClient.o
 .text.rpc_client_otaUpdateFinish_handler
                0x00006c00       0x2c ./Sources/src/BlynkRpcClient.o
 .text.rpc_client_otaUpdateCancel_handler
                0x00006c2c       0x18 ./Sources/src/BlynkRpcClient.o
 .text.rpc_find_uid_handler
                0x00006c44       0xe8 ./Sources/src/BlynkRpcClient.o
                0x00006c44                rpc_find_uid_handler
 .text.rpc_invoke_handler
                0x00006d2c       0x38 ./Sources/src/BlynkRpcClient.o
                0x00006d2c                rpc_invoke_handler
 .text.rpc_mcu_hasUID_impl
                0x00006d64       0x28 ./Sources/src/BlynkRpcClient.o
                0x00006d64                rpc_mcu_hasUID_impl
 .text.exit     0x00006d8c       0x38 C:/Freescale/CW MCU v10.6.4/MCU/ARM_GCC_Support/ewl/lib/armv6-m\libc.a(exit.o)
                0x00006d8c                exit
 .text.__strtoul
                0x00006dc4      0x1ce C:/Freescale/CW MCU v10.6.4/MCU/ARM_GCC_Support/ewl/lib/armv6-m\libc.a(__strtoul.o)
                0x00006dc4                __strtoul
 .text.strchr   0x00006f92       0x1e C:/Freescale/CW MCU v10.6.4/MCU/ARM_GCC_Support/ewl/lib/armv6-m\libc.a(strchr.o)
                0x00006f92                strchr
 .text.memset   0x00006fb0        0xc C:/Freescale/CW MCU v10.6.4/MCU/ARM_GCC_Support/ewl/lib/armv6-m\libc.a(memset.o)
                0x00006fb0                memset
 .text.__fill_mem
                0x00006fbc       0x7e C:/Freescale/CW MCU v10.6.4/MCU/ARM_GCC_Support/ewl/lib/armv6-m\libc.a(__filll_mem.o)
                0x00006fbc                __fill_mem
 .text.memcpy   0x0000703a       0x12 C:/Freescale/CW MCU v10.6.4/MCU/ARM_GCC_Support/ewl/lib/armv6-m\libc.a(memcpy.o)
                0x0000703a                memcpy
 .text.strcpy   0x0000704c       0x10 C:/Freescale/CW MCU v10.6.4/MCU/ARM_GCC_Support/ewl/lib/armv6-m\libc.a(strcpy.o)
                0x0000704c                strcpy
 .text.strlen   0x0000705c       0x10 C:/Freescale/CW MCU v10.6.4/MCU/ARM_GCC_Support/ewl/lib/armv6-m\libc.a(strlen.o)
                0x0000705c                strlen
 .text.long2str.isra.0
                0x0000706c      0x19c C:/Freescale/CW MCU v10.6.4/MCU/ARM_GCC_Support/ewl/lib/armv6-m\libc.a(printformat_fp.o)
 .text.__pformatterFP
                0x00007208      0x858 C:/Freescale/CW MCU v10.6.4/MCU/ARM_GCC_Support/ewl/lib/armv6-m\libc.a(printformat_fp.o)
                0x00007208                __pformatterFP
 .text.__sformatter
                0x00007a60      0x698 C:/Freescale/CW MCU v10.6.4/MCU/ARM_GCC_Support/ewl/lib/armv6-m\libc.a(scanformat_.o)
                0x00007a60                __sformatter
 .text.isalpha  0x000080f8       0x20 C:/Freescale/CW MCU v10.6.4/MCU/ARM_GCC_Support/ewl/lib/armv6-m\libc.a(ctype_aeabi.o)
                0x000080f8                isalpha
 .text.isspace  0x00008118       0x20 C:/Freescale/CW MCU v10.6.4/MCU/ARM_GCC_Support/ewl/lib/armv6-m\libc.a(ctype_aeabi.o)
                0x00008118                isspace
 .text.isupper  0x00008138       0x20 C:/Freescale/CW MCU v10.6.4/MCU/ARM_GCC_Support/ewl/lib/armv6-m\libc.a(ctype_aeabi.o)
                0x00008138                isupper
 .text.toupper  0x00008158        0xe C:/Freescale/CW MCU v10.6.4/MCU/ARM_GCC_Support/ewl/lib/armv6-m\libc.a(ctype_aeabi.o)
                0x00008158                toupper
 .text.memchr   0x00008166       0x1a C:/Freescale/CW MCU v10.6.4/MCU/ARM_GCC_Support/ewl/lib/armv6-m\libc.a(memchr.o)
                0x00008166                memchr
 .text.__num2dec
                0x00008180      0x248 C:/Freescale/CW MCU v10.6.4/MCU/ARM_GCC_Support/ewl/lib/armv6-m\libm.a(ansi_fp.o)
                0x00008180                __num2dec
 .text.__round_decimal
                0x000083c8       0x98 C:/Freescale/CW MCU v10.6.4/MCU/ARM_GCC_Support/ewl/lib/armv6-m\libm.a(ansi_fp.o)
                0x000083c8                __round_decimal
 .text.__signbitd
                0x00008460        0x4 C:/Freescale/CW MCU v10.6.4/MCU/ARM_GCC_Support/ewl/lib/armv6-m\libm.a(math_api.o)
                0x00008460                __signbitd
 .text.__fpclassifyd
                0x00008464       0x38 C:/Freescale/CW MCU v10.6.4/MCU/ARM_GCC_Support/ewl/lib/armv6-m\libm.a(math_api.o)
                0x00008464                __fpclassifyd
 *fill*         0x0000849c        0x4 00
 .text.frexp    0x000084a0       0x80 C:/Freescale/CW MCU v10.6.4/MCU/ARM_GCC_Support/ewl/lib/armv6-m\libm.a(s_frexp.o)
                0x000084a0                frexp
 .text.__init_cpp
                0x00008520       0x48 C:/Freescale/CW MCU v10.6.4/MCU/ARM_GCC_Support/ewl/lib/armv6-m\librt.a(gcc_ctor_dtor.o)
                0x00008520                __init_cpp
 .text.__fini_cpp
                0x00008568       0x34 C:/Freescale/CW MCU v10.6.4/MCU/ARM_GCC_Support/ewl/lib/armv6-m\librt.a(gcc_ctor_dtor.o)
                0x00008568                __fini_cpp
 .text.__destroy_global_chain
                0x0000859c       0x1c C:/Freescale/CW MCU v10.6.4/MCU/ARM_GCC_Support/ewl/lib/armv6-m\librt.a(__arm_eabi_init.o)
                0x0000859c                __destroy_global_chain
 .text.__init_registers
                0x000085b8       0x1c C:/Freescale/CW MCU v10.6.4/MCU/ARM_GCC_Support/ewl/lib/armv6-m\librt.a(__arm_eabi_init.o)
                0x000085b8                __init_registers
 .text.__init_user
                0x000085d4        0x4 C:/Freescale/CW MCU v10.6.4/MCU/ARM_GCC_Support/ewl/lib/armv6-m\librt.a(__arm_eabi_init.o)
                0x000085d4                __init_user
 .text.__copy_rom_section
                0x000085d8       0x48 C:/Freescale/CW MCU v10.6.4/MCU/ARM_GCC_Support/ewl/lib/armv6-m\librt.a(ROMCopy.o)
                0x000085d8                __copy_rom_section
 .text.__copy_rom_sections_to_ram
                0x00008620       0x34 C:/Freescale/CW MCU v10.6.4/MCU/ARM_GCC_Support/ewl/lib/armv6-m\librt.a(ROMCopy.o)
                0x00008620                __copy_rom_sections_to_ram
 *(.rodata)
 .rodata        0x00008654       0xc4 ./Sources/NCP_Helpers.o
 .rodata        0x00008718        0x4 ./Sources/src/MessageWriter.o
 .rodata        0x0000871c        0x4 ./Sources/src/MessageBuffer.o
 .rodata        0x00008720       0x40 c:/freescale/cw mcu v10.6.4/cross_tools/arm-none-eabi-gcc-4_7_3/bin/../lib/gcc/arm-none-eabi/4.7.3/armv6-m\libgcc.a(divdf3.o)
 .rodata        0x00008760       0x40 c:/freescale/cw mcu v10.6.4/cross_tools/arm-none-eabi-gcc-4_7_3/bin/../lib/gcc/arm-none-eabi/4.7.3/armv6-m\libgcc.a(muldf3.o)
 *(.rodata*)
 .rodata.rpc_client_processEvent_impl
                0x000087a0       0x5c ./Sources/NCP_Helpers.o
 .rodata.RPC_CRC8_TABLE
                0x000087fc      0x100 ./Sources/src/BlynkRpcCRC8.o
                0x000087fc                RPC_CRC8_TABLE
 .rodata.str1.1
                0x000088fc       0x14 C:/Freescale/CW MCU v10.6.4/MCU/ARM_GCC_Support/ewl/lib/armv6-m\libc.a(printformat_fp.o)
                                 0x25 (size before relaxing)
 .rodata.CSWTCH.22
                0x00008910       0x21 C:/Freescale/CW MCU v10.6.4/MCU/ARM_GCC_Support/ewl/lib/armv6-m\libc.a(printformat_fp.o)
 .rodata.CSWTCH.23
                0x00008931       0x21 C:/Freescale/CW MCU v10.6.4/MCU/ARM_GCC_Support/ewl/lib/armv6-m\libc.a(printformat_fp.o)
 .rodata.__aeabi_ctype_table_C
                0x00008952      0x101 C:/Freescale/CW MCU v10.6.4/MCU/ARM_GCC_Support/ewl/lib/armv6-m\libc.a(ctype_aeabi.o)
                0x00008952                __aeabi_ctype_table_C
 *fill*         0x00008a53        0x5 00
 .rodata.digit_values
                0x00008a58       0x40 C:/Freescale/CW MCU v10.6.4/MCU/ARM_GCC_Support/ewl/lib/armv6-m\libm.a(ansi_fp.o)
 .rodata.bit_values
                0x00008a98       0x48 C:/Freescale/CW MCU v10.6.4/MCU/ARM_GCC_Support/ewl/lib/armv6-m\libm.a(ansi_fp.o)
 *(.glue_7)
 .glue_7        0x00000000        0x0 linker stubs
 *(.glue_7t)
 .glue_7t       0x00000000        0x0 linker stubs
 *(.eh_frame)
 *(.init)
 *(.fini)
                0x00008ae0                . = ALIGN (0x4)
                0x00008ae0                _etext = .

.vfp11_veneer   0x00008ae0        0x0
 .vfp11_veneer  0x00000000        0x0 linker stubs

.v4_bx          0x00008ae0        0x0
 .v4_bx         0x00000000        0x0 linker stubs

.iplt           0x00008ae0        0x0
 .iplt          0x00000000        0x0 ./Generated_Code/WDog1.o

.rel.dyn        0x00008ae0        0x0
 .rel.iplt      0x00000000        0x0 ./Generated_Code/WDog1.o

.ARM.extab
 *(.ARM.extab* .gnu.linkonce.armextab.*)

.ARM            0x00008ae0        0x0
                0x00008ae0                __exidx_start = .
 *(.ARM.exidx*)
                0x00008ae0                __exidx_end = .

.ctors          0x00008ae0        0x0
                0x00008ae0                __CTOR_LIST__ = .
 *crtbegin.o(.ctors)
 *(EXCLUDE_FILE(*crtend.o) .ctors)
 *(SORT(.ctors.*))
 *(.ctors)
                0x00008ae0                __CTOR_END__ = .

.dtors          0x00008ae0        0x0
                0x00008ae0                __DTOR_LIST__ = .
 *crtbegin.o(.dtors)
 *(EXCLUDE_FILE(*crtend.o) .dtors)
 *(SORT(.dtors.*))
 *(.dtors)
                0x00008ae0                __DTOR_END__ = .

.preinit_array  0x00008ae0        0x0
                0x00008ae0                PROVIDE (__preinit_array_start, .)
 *(.preinit_array*)
                0x00008ae0                PROVIDE (__preinit_array_end, .)

.init_array     0x00008ae0        0x0
                0x00008ae0                PROVIDE (__init_array_start, .)
 *(SORT(.init_array.*))
 *(.init_array*)
                0x00008ae0                PROVIDE (__init_array_end, .)

.fini_array     0x00008ae0        0x0
                0x00008ae0                PROVIDE (__fini_array_start, .)
 *(SORT(.fini_array.*))
 *(.fini_array*)
                0x00008ae0                PROVIDE (__fini_array_end, .)
                0x00008ae0                ___ROM_AT = .

.myShareDataBlk
                0x1ffff000       0xc8
 *(.NonVolatileData)
 .NonVolatileData
                0x1ffff000        0x8 ./Sources/boot.o
                0x1ffff000                RunApp
                0x1ffff004                BootFlag
 .NonVolatileData
                0x1ffff008       0x98 ./Sources/SystemInit.o
                0x1ffff008                NVsOpPara
                0x1ffff058                NVbCheckBatteryType
                0x1ffff059                NVbSkipReset
                0x1ffff05a                NVbPowerupSts
                0x1ffff05b                NVbInShippingSts
                0x1ffff05c                NVbSolenoidSts
                0x1ffff060                NVsBLEPara
                0x1ffff08b                NVbBLEDongleIn
                0x1ffff08c                NVwHandWaveIR
                0x1ffff090                NVsOffset
                0x1ffff098                NVsANTPara
                0x1ffff09d                NVbRFEnDisableModeIn
                0x1ffff09e                NVbDongleDeepSlpModeIn
 .NonVolatileData
                0x1ffff0a0       0x28 ./Sources/IRSensor.o

.mtb            0x20000000        0x0
                0x20000000                . = ALIGN (0x8)
                0x20000000                _mtb_start = .
 *(.mtb_buf)
                0x20000000                . = ALIGN (0x8)
                0x20000000                _mtb_end = .

.data           0x20000000        0x0 load address 0x00008ae0
                0x20000000                . = ALIGN (0x4)
                0x20000000                _sdata = .
 *(.data)
 *(.data*)
                0x20000000                . = ALIGN (0x4)
                0x20000000                _edata = .
                0x00000000                ___data_size = (_edata - _sdata)
                0x00008ae0                ___My_Data_ROMStart = (___ROM_AT + SIZEOF (.data))

.igot.plt       0x20000000        0x0
 .igot.plt      0x00000000        0x0 ./Generated_Code/WDog1.o

.My_Data        0x0001fc00        0x0 load address 0x00008ae0
                0x0001fc00                . = ALIGN (0x4)
                0x0001fc00                ___My_Data_RAMStart = .
 *(.My_Data)
                0x0001fc00                ___My_Data_RAMEnd = .
                0x0001fc00                . = ALIGN (0x4)
                0x00000000                ___My_Data_ROMSize = (___My_Data_RAMEnd - ___My_Data_RAMStart)
                0x0001fc00                . = ALIGN (0x4)

.bss            0x20000000      0xbb4
                0x20000000                __START_BSS = .
                0x20000000                PROVIDE (__bss_start__, __START_BSS)
 *(.bss)
 *(.bss*)
 .bss.DeviceDataPrv__DEFAULT_RTOS_ALLOC
                0x20000000        0x4 ./Generated_Code/WDog1.o
 .bss.DeviceDataPrv__DEFAULT_RTOS_ALLOC
                0x20000004        0xc ./Generated_Code/TimerIntLdd1.o
 .bss.DeviceDataPrv__DEFAULT_RTOS_ALLOC
                0x20000010       0x10 ./Generated_Code/TU1.o
 .bss.INT_TPM1__DEFAULT_RTOS_ISRPARAM
                0x20000020        0x4 ./Generated_Code/TU1.o
 .bss.PE_LDD_DeviceDataList
                0x20000024       0x54 ./Generated_Code/PE_LDD.o
                0x20000024                PE_LDD_DeviceDataList
 .bss.DeviceDataPrv__DEFAULT_RTOS_ALLOC
                0x20000078        0x4 ./Generated_Code/LatchCurrent.o
 .bss.INT_PORTC_PORTD__DEFAULT_RTOS_ISRPARAM
                0x2000007c        0x4 ./Generated_Code/LatchCurrent.o
 .bss.DeviceDataPrv__DEFAULT_RTOS_ALLOC
                0x20000080       0x18 ./Generated_Code/IntFlashLdd1.o
 .bss.DeviceDataPtr__DEFAULT_RTOS_ALLOC
                0x20000098        0xc ./Generated_Code/IRDRV.o
 .bss.IFsh1_CmdPending
                0x200000a4        0x1 ./Generated_Code/IFsh1.o
 .bss.IFsh1_EnEvent
                0x200000a5        0x1 ./Generated_Code/IFsh1.o
 *fill*         0x200000a6        0x2 00
 .bss.IntFlashLdd1_DevDataPtr
                0x200000a8        0x4 ./Generated_Code/IFsh1.o
 .bss.DeviceDataPrv__DEFAULT_RTOS_ALLOC
                0x200000ac        0x4 ./Generated_Code/ExtIntLdd1.o
 .bss.INT_PORTC_PORTD__DEFAULT_RTOS_ISRPARAM
                0x200000b0        0x4 ./Generated_Code/ExtIntLdd1.o
 .bss.SR_lock   0x200000b4        0x1 ./Generated_Code/Cpu.o
                0x200000b4                SR_lock
 *fill*         0x200000b5        0x3 00
 .bss.DeviceDataPrv__DEFAULT_RTOS_ALLOC
                0x200000b8        0x4 ./Generated_Code/BitIoLdd9.o
 .bss.DeviceDataPrv__DEFAULT_RTOS_ALLOC
                0x200000bc        0x4 ./Generated_Code/BitIoLdd8.o
 .bss.DeviceDataPrv__DEFAULT_RTOS_ALLOC
                0x200000c0        0x4 ./Generated_Code/BitIoLdd7.o
 .bss.DeviceDataPrv__DEFAULT_RTOS_ALLOC
                0x200000c4        0x4 ./Generated_Code/BitIoLdd6.o
 .bss.DeviceDataPrv__DEFAULT_RTOS_ALLOC
                0x200000c8        0x4 ./Generated_Code/BitIoLdd5.o
 .bss.DeviceDataPrv__DEFAULT_RTOS_ALLOC
                0x200000cc        0x4 ./Generated_Code/BitIoLdd4.o
 .bss.DeviceDataPrv__DEFAULT_RTOS_ALLOC
                0x200000d0        0x4 ./Generated_Code/BitIoLdd3.o
 .bss.DeviceDataPrv__DEFAULT_RTOS_ALLOC
                0x200000d4        0x4 ./Generated_Code/BitIoLdd2.o
 .bss.DeviceDataPrv__DEFAULT_RTOS_ALLOC
                0x200000d8        0x4 ./Generated_Code/BitIoLdd12.o
 .bss.DeviceDataPrv__DEFAULT_RTOS_ALLOC
                0x200000dc        0x4 ./Generated_Code/BitIoLdd11.o
 .bss.DeviceDataPrv__DEFAULT_RTOS_ALLOC
                0x200000e0        0x4 ./Generated_Code/BitIoLdd10.o
 .bss.DeviceDataPrv__DEFAULT_RTOS_ALLOC
                0x200000e4        0x4 ./Generated_Code/BitIoLdd1.o
 .bss.DeviceDataPrv__DEFAULT_RTOS_ALLOC
                0x200000e8        0x8 ./Generated_Code/AdcLdd1.o
 .bss.DeviceDataPrv__DEFAULT_RTOS_ALLOC
                0x200000f0       0x20 ./Generated_Code/ASerialLdd1.o
 .bss.INT_UART0__DEFAULT_RTOS_ISRPARAM
                0x20000110        0x4 ./Generated_Code/ASerialLdd1.o
 .bss.EnUser    0x20000114        0x1 ./Generated_Code/AS1.o
 *fill*         0x20000115        0x1 00
 .bss.SerFlag   0x20000116        0x2 ./Generated_Code/AS1.o
 .bss.AS1_InpLen
                0x20000118        0x2 ./Generated_Code/AS1.o
 .bss.InpIndexR
                0x2000011a        0x2 ./Generated_Code/AS1.o
 .bss.InpIndexW
                0x2000011c        0x2 ./Generated_Code/AS1.o
 *fill*         0x2000011e        0x2 00
 .bss.InpBuffer
                0x20000120       0x98 ./Generated_Code/AS1.o
 .bss.BufferRead
                0x200001b8        0x1 ./Generated_Code/AS1.o
 *fill*         0x200001b9        0x1 00
 .bss.AS1_OutLen
                0x200001ba        0x2 ./Generated_Code/AS1.o
 .bss.OutIndexR
                0x200001bc        0x2 ./Generated_Code/AS1.o
 .bss.OutIndexW
                0x200001be        0x2 ./Generated_Code/AS1.o
 .bss.OutBuffer
                0x200001c0       0x98 ./Generated_Code/AS1.o
 .bss.EnUser    0x20000258        0x1 ./Generated_Code/AD1.o
 .bss.SumChan   0x20000259        0x1 ./Generated_Code/AD1.o
 .bss.ModeFlg   0x2000025a        0x1 ./Generated_Code/AD1.o
 .bss.OutFlg    0x2000025b        0x1 ./Generated_Code/AD1.o
 .bss.argv      0x2000025c        0x4 ./Project_Settings/Startup_Code/__arm_start.o
 .bss.boot_RAMroutine
                0x20000260       0x24 ./Sources/boot.o
 .bss.RAMfunction_ptr
                0x20000284        0x4 ./Sources/boot.o
 .bss.x.6826    0x20000288        0x1 ./Sources/boot.o
 *fill*         0x20000289        0x1 00
 .bss._rpc_seq  0x2000028a        0x2 ./Sources/NCP_Helpers.o
 .bss.last_change.7277
                0x2000028c        0x4 ./Sources/NCP_Helpers.o
 .bss._self     0x20000290       0x28 ./Sources/src/BlynkRpcUartFraming.o
 .bss.inputData
                0x200002b8      0x800 ./Sources/src/BlynkRpcInfraUart.o
 .bss.inputDataLen
                0x20000ab8        0x4 ./Sources/src/BlynkRpcInfraUart.o
 .bss._rpc_timeout_override
                0x20000abc        0x4 ./Sources/src/BlynkRpcInfra.o
                0x20000abc                _rpc_timeout_override
 .bss.__stdio_exit
                0x20000ac0        0x4 C:/Freescale/CW MCU v10.6.4/MCU/ARM_GCC_Support/ewl/lib/armv6-m\libc.a(exit.o)
                0x20000ac0                __stdio_exit
 .bss.__console_exit
                0x20000ac4        0x4 C:/Freescale/CW MCU v10.6.4/MCU/ARM_GCC_Support/ewl/lib/armv6-m\libc.a(exit.o)
                0x20000ac4                __console_exit
 .bss.__global_destructor_chain
                0x20000ac8        0x4 C:/Freescale/CW MCU v10.6.4/MCU/ARM_GCC_Support/ewl/lib/armv6-m\librt.a(__arm_eabi_init.o)
                0x20000ac8                __global_destructor_chain
 .bss.__S_romp  0x20000acc        0xc C:/Freescale/CW MCU v10.6.4/MCU/ARM_GCC_Support/ewl/lib/armv6-m\librt.a(ROMCopy.o)
 *(COMMON)
 COMMON         0x20000ad8        0x1 ./Generated_Code/Cpu.o
                0x20000ad8                SR_reg
 *fill*         0x20000ad9        0x3 00
 COMMON         0x20000adc        0x4 ./Generated_Code/AS1.o
                0x20000adc                ASerialLdd1_DeviceDataPtr
 COMMON         0x20000ae0       0x10 ./Generated_Code/AD1.o
                0x20000ae0                AD1_OutV
                0x20000aec                AdcLdd1_DeviceDataPtr
 COMMON         0x20000af0       0xb4 ./Sources/SystemInit.o
                0x20000af0                GVsTurnOnTM
                0x20000af4                GVbUpdateANT
                0x20000af6                GVwBLENoActionTimer
                0x20000af8                GVbStorePreviousCmd
                0x20000af9                GVwBLEDone
                0x20000afa                GVbDiagSolarStat
                0x20000afc                wBattest
                0x20000b24                GVbDIAGVALVEFLG
                0x20000b25                GVbStoreFlushRequest
                0x20000b26                GVbInDiag
                0x20000b27                GVbBLEEnabled
                0x20000b28                GVeUserSts
                0x20000b2a                debugStartReason
                0x20000b2c                GVbDiagValveStat
                0x20000b2d                GVbPreOccupState
                0x20000b2e                GVbDiagSensorStat
                0x20000b30                GVsBatteryTH
                0x20000b36                GVbFlushActivate
                0x20000b37                GVbFlushRequest
                0x20000b38                debugdata
                0x20000b39                GVbDIAGLEDFLG
                0x20000b3a                GVbBattRequest
                0x20000b3b                GVbSRModuleStatus
                0x20000b3c                GVbSRRefreshCmd
                0x20000b40                GVsButtonSts
                0x20000b43                GVbUartFlushRequest
                0x20000b44                GVbDutyRate
                0x20000b45                GVbOccupState
                0x20000b46                GVeBatterySts
                0x20000b48                GVsTempPara
                0x20000b98                GVbBDisconCT
                0x20000b9c                GVsSentinelTime
                0x20000ba0                GVbWakeBLE
                0x20000ba1                GVbOccupRoutineEnDisable
                0x20000ba2                GVeOperationSts
                0x20000ba3                GVbSentinelFlush
 COMMON         0x20000ba4        0xe ./Sources/Events.o
                0x20000ba4                StartReason
                0x20000ba6                Latchhappened
                0x20000ba7                SerialIn
                0x20000ba8                wTimerTick
                0x20000baa                SendComplete
                0x20000bac                millisTick
                0x20000bb0                wTimerTick2
 COMMON         0x20000bb2        0x1 ./Sources/src/BlynkRpcInfra.o
                0x20000bb2                _rpc_status
                0x20000bb4                . = ALIGN (0x4)
 *fill*         0x20000bb3        0x1 00
                0x20000bb4                __END_BSS = .
                0x20000bb4                PROVIDE (__bss_end__, __END_BSS)
                0x00008ae0                _romp_at = (___ROM_AT + SIZEOF (.data))

.romp           0x0001fc00       0x3c load address 0x00008ae0
                0x00008ae0                __S_romp = _romp_at
                0x0001fc00        0x4 LONG 0x8ae0 ___ROM_AT
                0x0001fc04        0x4 LONG 0x20000000 _sdata
                0x0001fc08        0x4 LONG 0x0 ___data_size
                0x0001fc0c        0x4 LONG 0x0
                0x0001fc10        0x4 LONG 0x0
                0x0001fc14        0x4 LONG 0x0
                0x00008ae0                __S_romp = _romp_at
                0x0001fc18        0x4 LONG 0x8ae0 ___ROM_AT
                0x0001fc1c        0x4 LONG 0x20000000 _sdata
                0x0001fc20        0x4 LONG 0x0 ___data_size
                0x0001fc24        0x4 LONG 0x8ae0 ___My_Data_ROMStart
                0x0001fc28        0x4 LONG 0x1fc00 ___My_Data_RAMStart
                0x0001fc2c        0x4 LONG 0x0 ___My_Data_ROMSize
                0x0001fc30        0x4 LONG 0x0
                0x0001fc34        0x4 LONG 0x0
                0x0001fc38        0x4 LONG 0x0

._user_heap_stack
                0x20000bb4      0x800
                0x20000bb4                . = ALIGN (0x4)
                0x20000bb4                PROVIDE (end, .)
                0x20000bb4                PROVIDE (_end, .)
                0x20000bb4                __heap_addr = .
                0x20000fb4                . = (. + __heap_size)
 *fill*         0x20000bb4      0x400 00
                0x200013b4                . = (. + __stack_size)
 *fill*         0x20000fb4      0x400 00
                0x200013b4                . = ALIGN (0x4)
                0x00008ae0                _romp_at = ((___ROM_AT + SIZEOF (.data)) + SIZEOF (.My_Data))

.ARM.attributes
                0x00000000       0x31
 *(.ARM.attributes)
 .ARM.attributes
                0x00000000       0x31 ./Generated_Code/WDog1.o
 .ARM.attributes
                0x00000031       0x31 ./Generated_Code/Vectors.o
 .ARM.attributes
                0x00000062       0x31 ./Generated_Code/UartWakeInt.o
 .ARM.attributes
                0x00000093       0x31 ./Generated_Code/TimerIntLdd1.o
 .ARM.attributes
                0x000000c4       0x31 ./Generated_Code/TU1.o
 .ARM.attributes
                0x000000f5       0x31 ./Generated_Code/TI1.o
 .ARM.attributes
                0x00000126       0x31 ./Generated_Code/TButton.o
 .ARM.attributes
                0x00000157       0x31 ./Generated_Code/PE_LDD.o
 .ARM.attributes
                0x00000188       0x31 ./Generated_Code/LatchCurrent.o
 .ARM.attributes
                0x000001b9       0x31 ./Generated_Code/LPTMR0.o
 .ARM.attributes
                0x000001ea       0x31 ./Generated_Code/IntFlashLdd1.o
 .ARM.attributes
                0x0000021b       0x31 ./Generated_Code/IRDRV.o
 .ARM.attributes
                0x0000024c       0x31 ./Generated_Code/IFsh1.o
 .ARM.attributes
                0x0000027d       0x31 ./Generated_Code/ExtIntLdd1.o
 .ARM.attributes
                0x000002ae       0x31 ./Generated_Code/Cpu.o
 .ARM.attributes
                0x000002df       0x31 ./Generated_Code/BitIoLdd9.o
 .ARM.attributes
                0x00000310       0x31 ./Generated_Code/BitIoLdd8.o
 .ARM.attributes
                0x00000341       0x31 ./Generated_Code/BitIoLdd7.o
 .ARM.attributes
                0x00000372       0x31 ./Generated_Code/BitIoLdd6.o
 .ARM.attributes
                0x000003a3       0x31 ./Generated_Code/BitIoLdd5.o
 .ARM.attributes
                0x000003d4       0x31 ./Generated_Code/BitIoLdd4.o
 .ARM.attributes
                0x00000405       0x31 ./Generated_Code/BitIoLdd3.o
 .ARM.attributes
                0x00000436       0x31 ./Generated_Code/BitIoLdd2.o
 .ARM.attributes
                0x00000467       0x31 ./Generated_Code/BitIoLdd12.o
 .ARM.attributes
                0x00000498       0x31 ./Generated_Code/BitIoLdd11.o
 .ARM.attributes
                0x000004c9       0x31 ./Generated_Code/BitIoLdd10.o
 .ARM.attributes
                0x000004fa       0x31 ./Generated_Code/BitIoLdd1.o
 .ARM.attributes
                0x0000052b       0x31 ./Generated_Code/AdcLdd1.o
 .ARM.attributes
                0x0000055c       0x31 ./Generated_Code/ASerialLdd1.o
 .ARM.attributes
                0x0000058d       0x31 ./Generated_Code/AS1.o
 .ARM.attributes
                0x000005be       0x31 ./Generated_Code/AD1.o
 .ARM.attributes
                0x000005ef       0x31 ./Project_Settings/Startup_Code/__arm_start.o
 .ARM.attributes
                0x00000620       0x31 ./Project_Settings/Startup_Code/__arm_end.o
 .ARM.attributes
                0x00000651       0x31 ./Sources/main.o
 .ARM.attributes
                0x00000682       0x31 ./Sources/boot.o
 .ARM.attributes
                0x000006b3       0x31 ./Sources/SystemInit.o
 .ARM.attributes
                0x000006e4       0x31 ./Sources/NCP_Helpers.o
 .ARM.attributes
                0x00000715       0x31 ./Sources/IRSensor.o
 .ARM.attributes
                0x00000746       0x31 ./Sources/Events.o
 .ARM.attributes
                0x00000777       0x31 ./Sources/src/MessageWriter.o
 .ARM.attributes
                0x000007a8       0x31 ./Sources/src/MessageBuffer.o
 .ARM.attributes
                0x000007d9       0x31 ./Sources/src/BlynkRpcUartFraming.o
 .ARM.attributes
                0x0000080a       0x31 ./Sources/src/BlynkRpcInfraUart.o
 .ARM.attributes
                0x0000083b       0x31 ./Sources/src/BlynkRpcInfra.o
 .ARM.attributes
                0x0000086c       0x31 ./Sources/src/BlynkRpcClientWeakImpl.o
 .ARM.attributes
                0x0000089d       0x31 ./Sources/src/BlynkRpcClient.o
 .ARM.attributes
                0x000008ce       0x31 ./Sources/src/BlynkRpcCRC8.o
 .ARM.attributes
                0x000008ff       0x31 C:/Freescale/CW MCU v10.6.4/MCU/ARM_GCC_Support/ewl/lib/armv6-m\libc.a(exit.o)
 .ARM.attributes
                0x00000930       0x31 C:/Freescale/CW MCU v10.6.4/MCU/ARM_GCC_Support/ewl/lib/armv6-m\libc.a(__strtoul.o)
 .ARM.attributes
                0x00000961       0x31 C:/Freescale/CW MCU v10.6.4/MCU/ARM_GCC_Support/ewl/lib/armv6-m\libc.a(strchr.o)
 .ARM.attributes
                0x00000992       0x31 C:/Freescale/CW MCU v10.6.4/MCU/ARM_GCC_Support/ewl/lib/armv6-m\libc.a(memset.o)
 .ARM.attributes
                0x000009c3       0x31 C:/Freescale/CW MCU v10.6.4/MCU/ARM_GCC_Support/ewl/lib/armv6-m\libc.a(__filll_mem.o)
 .ARM.attributes
                0x000009f4       0x31 C:/Freescale/CW MCU v10.6.4/MCU/ARM_GCC_Support/ewl/lib/armv6-m\libc.a(memcpy.o)
 .ARM.attributes
                0x00000a25       0x31 C:/Freescale/CW MCU v10.6.4/MCU/ARM_GCC_Support/ewl/lib/armv6-m\libc.a(strcpy.o)
 .ARM.attributes
                0x00000a56       0x31 C:/Freescale/CW MCU v10.6.4/MCU/ARM_GCC_Support/ewl/lib/armv6-m\libc.a(strlen.o)
 .ARM.attributes
                0x00000a87       0x31 C:/Freescale/CW MCU v10.6.4/MCU/ARM_GCC_Support/ewl/lib/armv6-m\libc.a(printformat_fp.o)
 .ARM.attributes
                0x00000ab8       0x31 C:/Freescale/CW MCU v10.6.4/MCU/ARM_GCC_Support/ewl/lib/armv6-m\libc.a(scanformat_.o)
 .ARM.attributes
                0x00000ae9       0x31 C:/Freescale/CW MCU v10.6.4/MCU/ARM_GCC_Support/ewl/lib/armv6-m\libc.a(ctype_aeabi.o)
 .ARM.attributes
                0x00000b1a       0x31 C:/Freescale/CW MCU v10.6.4/MCU/ARM_GCC_Support/ewl/lib/armv6-m\libc.a(memchr.o)
 .ARM.attributes
                0x00000b4b       0x31 C:/Freescale/CW MCU v10.6.4/MCU/ARM_GCC_Support/ewl/lib/armv6-m\libm.a(ansi_fp.o)
 .ARM.attributes
                0x00000b7c       0x31 C:/Freescale/CW MCU v10.6.4/MCU/ARM_GCC_Support/ewl/lib/armv6-m\libm.a(math_api.o)
 .ARM.attributes
                0x00000bad       0x31 C:/Freescale/CW MCU v10.6.4/MCU/ARM_GCC_Support/ewl/lib/armv6-m\libm.a(s_frexp.o)
 .ARM.attributes
                0x00000bde       0x1e c:/freescale/cw mcu v10.6.4/cross_tools/arm-none-eabi-gcc-4_7_3/bin/../lib/gcc/arm-none-eabi/4.7.3/armv6-m\libgcc.a(_thumb1_case_sqi.o)
 .ARM.attributes
                0x00000bfc       0x1e c:/freescale/cw mcu v10.6.4/cross_tools/arm-none-eabi-gcc-4_7_3/bin/../lib/gcc/arm-none-eabi/4.7.3/armv6-m\libgcc.a(_thumb1_case_uqi.o)
 .ARM.attributes
                0x00000c1a       0x1e c:/freescale/cw mcu v10.6.4/cross_tools/arm-none-eabi-gcc-4_7_3/bin/../lib/gcc/arm-none-eabi/4.7.3/armv6-m\libgcc.a(_udivsi3.o)
 .ARM.attributes
                0x00000c38       0x1e c:/freescale/cw mcu v10.6.4/cross_tools/arm-none-eabi-gcc-4_7_3/bin/../lib/gcc/arm-none-eabi/4.7.3/armv6-m\libgcc.a(_divsi3.o)
 .ARM.attributes
                0x00000c56       0x1e c:/freescale/cw mcu v10.6.4/cross_tools/arm-none-eabi-gcc-4_7_3/bin/../lib/gcc/arm-none-eabi/4.7.3/armv6-m\libgcc.a(_dvmd_tls.o)
 .ARM.attributes
                0x00000c74       0x1e c:/freescale/cw mcu v10.6.4/cross_tools/arm-none-eabi-gcc-4_7_3/bin/../lib/gcc/arm-none-eabi/4.7.3/armv6-m\libgcc.a(_arm_cmpdf2.o)
 .ARM.attributes
                0x00000c92       0x2c c:/freescale/cw mcu v10.6.4/cross_tools/arm-none-eabi-gcc-4_7_3/bin/../lib/gcc/arm-none-eabi/4.7.3/armv6-m\libgcc.a(divdf3.o)
 .ARM.attributes
                0x00000cbe       0x2c c:/freescale/cw mcu v10.6.4/cross_tools/arm-none-eabi-gcc-4_7_3/bin/../lib/gcc/arm-none-eabi/4.7.3/armv6-m\libgcc.a(eqdf2.o)
 .ARM.attributes
                0x00000cea       0x2c c:/freescale/cw mcu v10.6.4/cross_tools/arm-none-eabi-gcc-4_7_3/bin/../lib/gcc/arm-none-eabi/4.7.3/armv6-m\libgcc.a(gedf2.o)
 .ARM.attributes
                0x00000d16       0x2c c:/freescale/cw mcu v10.6.4/cross_tools/arm-none-eabi-gcc-4_7_3/bin/../lib/gcc/arm-none-eabi/4.7.3/armv6-m\libgcc.a(ledf2.o)
 .ARM.attributes
                0x00000d42       0x2c c:/freescale/cw mcu v10.6.4/cross_tools/arm-none-eabi-gcc-4_7_3/bin/../lib/gcc/arm-none-eabi/4.7.3/armv6-m\libgcc.a(muldf3.o)
 .ARM.attributes
                0x00000d6e       0x2c c:/freescale/cw mcu v10.6.4/cross_tools/arm-none-eabi-gcc-4_7_3/bin/../lib/gcc/arm-none-eabi/4.7.3/armv6-m\libgcc.a(subdf3.o)
 .ARM.attributes
                0x00000d9a       0x2c c:/freescale/cw mcu v10.6.4/cross_tools/arm-none-eabi-gcc-4_7_3/bin/../lib/gcc/arm-none-eabi/4.7.3/armv6-m\libgcc.a(fixdfsi.o)
 .ARM.attributes
                0x00000dc6       0x2c c:/freescale/cw mcu v10.6.4/cross_tools/arm-none-eabi-gcc-4_7_3/bin/../lib/gcc/arm-none-eabi/4.7.3/armv6-m\libgcc.a(floatsidf.o)
 .ARM.attributes
                0x00000df2       0x1e c:/freescale/cw mcu v10.6.4/cross_tools/arm-none-eabi-gcc-4_7_3/bin/../lib/gcc/arm-none-eabi/4.7.3/armv6-m\libgcc.a(_clzsi2.o)
 .ARM.attributes
                0x00000e10       0x31 C:/Freescale/CW MCU v10.6.4/MCU/ARM_GCC_Support/ewl/lib/armv6-m\librt.a(gcc_ctor_dtor.o)
 .ARM.attributes
                0x00000e41       0x31 C:/Freescale/CW MCU v10.6.4/MCU/ARM_GCC_Support/ewl/lib/armv6-m\librt.a(__arm_eabi_init.o)
 .ARM.attributes
                0x00000e72       0x31 C:/Freescale/CW MCU v10.6.4/MCU/ARM_GCC_Support/ewl/lib/armv6-m\librt.a(ROMCopy.o)
OUTPUT(SolisIoT_SKU_31_Ver0111.elf elf32-littlearm)

.debug_info     0x00000000    0x11915
 .debug_info    0x00000000      0x480 ./Generated_Code/WDog1.o
 .debug_info    0x00000480      0x10b ./Generated_Code/Vectors.o
 .debug_info    0x0000058b       0xae ./Generated_Code/UartWakeInt.o
 .debug_info    0x00000639      0x202 ./Generated_Code/TimerIntLdd1.o
 .debug_info    0x0000083b      0x634 ./Generated_Code/TU1.o
 .debug_info    0x00000e6f       0xae ./Generated_Code/TI1.o
 .debug_info    0x00000f1d      0x317 ./Generated_Code/TButton.o
 .debug_info    0x00001234      0x255 ./Generated_Code/PE_LDD.o
 .debug_info    0x00001489      0x364 ./Generated_Code/LatchCurrent.o
 .debug_info    0x000017ed      0x326 ./Generated_Code/LPTMR0.o
 .debug_info    0x00001b13      0xbdf ./Generated_Code/IntFlashLdd1.o
 .debug_info    0x000026f2      0x58a ./Generated_Code/IRDRV.o
 .debug_info    0x00002c7c      0x7b8 ./Generated_Code/IFsh1.o
 .debug_info    0x00003434      0x3f9 ./Generated_Code/ExtIntLdd1.o
 .debug_info    0x0000382d      0xb37 ./Generated_Code/Cpu.o
 .debug_info    0x00004364      0x31e ./Generated_Code/BitIoLdd9.o
 .debug_info    0x00004682      0x3fb ./Generated_Code/BitIoLdd8.o
 .debug_info    0x00004a7d      0x313 ./Generated_Code/BitIoLdd7.o
 .debug_info    0x00004d90      0x31e ./Generated_Code/BitIoLdd6.o
 .debug_info    0x000050ae      0x363 ./Generated_Code/BitIoLdd5.o
 .debug_info    0x00005411      0x399 ./Generated_Code/BitIoLdd4.o
 .debug_info    0x000057aa      0x31e ./Generated_Code/BitIoLdd3.o
 .debug_info    0x00005ac8      0x31e ./Generated_Code/BitIoLdd2.o
 .debug_info    0x00005de6      0x387 ./Generated_Code/BitIoLdd12.o
 .debug_info    0x0000616d      0x399 ./Generated_Code/BitIoLdd11.o
 .debug_info    0x00006506      0x399 ./Generated_Code/BitIoLdd10.o
 .debug_info    0x0000689f      0x363 ./Generated_Code/BitIoLdd1.o
 .debug_info    0x00006c02      0x7f4 ./Generated_Code/AdcLdd1.o
 .debug_info    0x000073f6      0x9ca ./Generated_Code/ASerialLdd1.o
 .debug_info    0x00007dc0      0x611 ./Generated_Code/AS1.o
 .debug_info    0x000083d1      0x2fb ./Generated_Code/AD1.o
 .debug_info    0x000086cc      0x12a ./Project_Settings/Startup_Code/__arm_start.o
 .debug_info    0x000087f6       0x54 ./Project_Settings/Startup_Code/__arm_end.o
 .debug_info    0x0000884a      0x466 ./Sources/main.o
 .debug_info    0x00008cb0     0x1268 ./Sources/boot.o
 .debug_info    0x00009f18     0x11de ./Sources/SystemInit.o
 .debug_info    0x0000b0f6      0xc00 ./Sources/NCP_Helpers.o
 .debug_info    0x0000bcf6     0x103c ./Sources/IRSensor.o
 .debug_info    0x0000cd32      0x4da ./Sources/Events.o
 .debug_info    0x0000d20c      0x3f5 ./Sources/src/MessageWriter.o
 .debug_info    0x0000d601      0x76b ./Sources/src/MessageBuffer.o
 .debug_info    0x0000dd6c      0x3d4 ./Sources/src/BlynkRpcUartFraming.o
 .debug_info    0x0000e140      0x19d ./Sources/src/BlynkRpcInfraUart.o
 .debug_info    0x0000e2dd      0x37e ./Sources/src/BlynkRpcInfra.o
 .debug_info    0x0000e65b      0x264 ./Sources/src/BlynkRpcClientWeakImpl.o
 .debug_info    0x0000e8bf      0x682 ./Sources/src/BlynkRpcClient.o
 .debug_info    0x0000ef41       0x9a ./Sources/src/BlynkRpcCRC8.o
 .debug_info    0x0000efdb       0xe8 C:/Freescale/CW MCU v10.6.4/MCU/ARM_GCC_Support/ewl/lib/armv6-m\libc.a(exit.o)
 .debug_info    0x0000f0c3      0x1d6 C:/Freescale/CW MCU v10.6.4/MCU/ARM_GCC_Support/ewl/lib/armv6-m\libc.a(__strtoul.o)
 .debug_info    0x0000f299      0x10b C:/Freescale/CW MCU v10.6.4/MCU/ARM_GCC_Support/ewl/lib/armv6-m\libc.a(strchr.o)
 .debug_info    0x0000f3a4       0xec C:/Freescale/CW MCU v10.6.4/MCU/ARM_GCC_Support/ewl/lib/armv6-m\libc.a(memset.o)
 .debug_info    0x0000f490      0x137 C:/Freescale/CW MCU v10.6.4/MCU/ARM_GCC_Support/ewl/lib/armv6-m\libc.a(__filll_mem.o)
 .debug_info    0x0000f5c7      0x10f C:/Freescale/CW MCU v10.6.4/MCU/ARM_GCC_Support/ewl/lib/armv6-m\libc.a(memcpy.o)
 .debug_info    0x0000f6d6      0x109 C:/Freescale/CW MCU v10.6.4/MCU/ARM_GCC_Support/ewl/lib/armv6-m\libc.a(strcpy.o)
 .debug_info    0x0000f7df       0xea C:/Freescale/CW MCU v10.6.4/MCU/ARM_GCC_Support/ewl/lib/armv6-m\libc.a(strlen.o)
 .debug_info    0x0000f8c9      0x764 C:/Freescale/CW MCU v10.6.4/MCU/ARM_GCC_Support/ewl/lib/armv6-m\libc.a(printformat_fp.o)
 .debug_info    0x0001002d      0x568 C:/Freescale/CW MCU v10.6.4/MCU/ARM_GCC_Support/ewl/lib/armv6-m\libc.a(scanformat_.o)
 .debug_info    0x00010595      0x313 C:/Freescale/CW MCU v10.6.4/MCU/ARM_GCC_Support/ewl/lib/armv6-m\libc.a(ctype_aeabi.o)
 .debug_info    0x000108a8      0x121 C:/Freescale/CW MCU v10.6.4/MCU/ARM_GCC_Support/ewl/lib/armv6-m\libc.a(memchr.o)
 .debug_info    0x000109c9      0x51c C:/Freescale/CW MCU v10.6.4/MCU/ARM_GCC_Support/ewl/lib/armv6-m\libm.a(ansi_fp.o)
 .debug_info    0x00010ee5      0x305 C:/Freescale/CW MCU v10.6.4/MCU/ARM_GCC_Support/ewl/lib/armv6-m\libm.a(math_api.o)
 .debug_info    0x000111ea      0x1a1 C:/Freescale/CW MCU v10.6.4/MCU/ARM_GCC_Support/ewl/lib/armv6-m\libm.a(s_frexp.o)
 .debug_info    0x0001138b      0x136 C:/Freescale/CW MCU v10.6.4/MCU/ARM_GCC_Support/ewl/lib/armv6-m\librt.a(gcc_ctor_dtor.o)
 .debug_info    0x000114c1      0x2b9 C:/Freescale/CW MCU v10.6.4/MCU/ARM_GCC_Support/ewl/lib/armv6-m\librt.a(__arm_eabi_init.o)
 .debug_info    0x0001177a      0x19b C:/Freescale/CW MCU v10.6.4/MCU/ARM_GCC_Support/ewl/lib/armv6-m\librt.a(ROMCopy.o)

.debug_abbrev   0x00000000     0x4538
 .debug_abbrev  0x00000000      0x12e ./Generated_Code/WDog1.o
 .debug_abbrev  0x0000012e       0xa3 ./Generated_Code/Vectors.o
 .debug_abbrev  0x000001d1       0x60 ./Generated_Code/UartWakeInt.o
 .debug_abbrev  0x00000231       0xd2 ./Generated_Code/TimerIntLdd1.o
 .debug_abbrev  0x00000303      0x150 ./Generated_Code/TU1.o
 .debug_abbrev  0x00000453       0x60 ./Generated_Code/TI1.o
 .debug_abbrev  0x000004b3       0xaf ./Generated_Code/TButton.o
 .debug_abbrev  0x00000562      0x102 ./Generated_Code/PE_LDD.o
 .debug_abbrev  0x00000664      0x134 ./Generated_Code/LatchCurrent.o
 .debug_abbrev  0x00000798       0xbe ./Generated_Code/LPTMR0.o
 .debug_abbrev  0x00000856      0x1e0 ./Generated_Code/IntFlashLdd1.o
 .debug_abbrev  0x00000a36      0x152 ./Generated_Code/IRDRV.o
 .debug_abbrev  0x00000b88      0x196 ./Generated_Code/IFsh1.o
 .debug_abbrev  0x00000d1e      0x134 ./Generated_Code/ExtIntLdd1.o
 .debug_abbrev  0x00000e52      0x1cd ./Generated_Code/Cpu.o
 .debug_abbrev  0x0000101f      0x11c ./Generated_Code/BitIoLdd9.o
 .debug_abbrev  0x0000113b      0x151 ./Generated_Code/BitIoLdd8.o
 .debug_abbrev  0x0000128c      0x105 ./Generated_Code/BitIoLdd7.o
 .debug_abbrev  0x00001391      0x11c ./Generated_Code/BitIoLdd6.o
 .debug_abbrev  0x000014ad      0x11c ./Generated_Code/BitIoLdd5.o
 .debug_abbrev  0x000015c9      0x12b ./Generated_Code/BitIoLdd4.o
 .debug_abbrev  0x000016f4      0x11c ./Generated_Code/BitIoLdd3.o
 .debug_abbrev  0x00001810      0x11c ./Generated_Code/BitIoLdd2.o
 .debug_abbrev  0x0000192c      0x148 ./Generated_Code/BitIoLdd12.o
 .debug_abbrev  0x00001a74      0x12b ./Generated_Code/BitIoLdd11.o
 .debug_abbrev  0x00001b9f      0x12b ./Generated_Code/BitIoLdd10.o
 .debug_abbrev  0x00001cca      0x11c ./Generated_Code/BitIoLdd1.o
 .debug_abbrev  0x00001de6      0x186 ./Generated_Code/AdcLdd1.o
 .debug_abbrev  0x00001f6c      0x189 ./Generated_Code/ASerialLdd1.o
 .debug_abbrev  0x000020f5      0x15c ./Generated_Code/AS1.o
 .debug_abbrev  0x00002251      0x135 ./Generated_Code/AD1.o
 .debug_abbrev  0x00002386       0x92 ./Project_Settings/Startup_Code/__arm_start.o
 .debug_abbrev  0x00002418       0x4c ./Project_Settings/Startup_Code/__arm_end.o
 .debug_abbrev  0x00002464       0xfe ./Sources/main.o
 .debug_abbrev  0x00002562      0x26d ./Sources/boot.o
 .debug_abbrev  0x000027cf      0x1c4 ./Sources/SystemInit.o
 .debug_abbrev  0x00002993      0x1e4 ./Sources/NCP_Helpers.o
 .debug_abbrev  0x00002b77      0x194 ./Sources/IRSensor.o
 .debug_abbrev  0x00002d0b      0x111 ./Sources/Events.o
 .debug_abbrev  0x00002e1c       0xc5 ./Sources/src/MessageWriter.o
 .debug_abbrev  0x00002ee1       0xd6 ./Sources/src/MessageBuffer.o
 .debug_abbrev  0x00002fb7      0x16e ./Sources/src/BlynkRpcUartFraming.o
 .debug_abbrev  0x00003125       0xb5 ./Sources/src/BlynkRpcInfraUart.o
 .debug_abbrev  0x000031da      0x12f ./Sources/src/BlynkRpcInfra.o
 .debug_abbrev  0x00003309       0xce ./Sources/src/BlynkRpcClientWeakImpl.o
 .debug_abbrev  0x000033d7       0xf5 ./Sources/src/BlynkRpcClient.o
 .debug_abbrev  0x000034cc       0x5f ./Sources/src/BlynkRpcCRC8.o
 .debug_abbrev  0x0000352b       0x7a C:/Freescale/CW MCU v10.6.4/MCU/ARM_GCC_Support/ewl/lib/armv6-m\libc.a(exit.o)
 .debug_abbrev  0x000035a5       0xc2 C:/Freescale/CW MCU v10.6.4/MCU/ARM_GCC_Support/ewl/lib/armv6-m\libc.a(__strtoul.o)
 .debug_abbrev  0x00003667       0x7a C:/Freescale/CW MCU v10.6.4/MCU/ARM_GCC_Support/ewl/lib/armv6-m\libc.a(strchr.o)
 .debug_abbrev  0x000036e1       0x62 C:/Freescale/CW MCU v10.6.4/MCU/ARM_GCC_Support/ewl/lib/armv6-m\libc.a(memset.o)
 .debug_abbrev  0x00003743       0x78 C:/Freescale/CW MCU v10.6.4/MCU/ARM_GCC_Support/ewl/lib/armv6-m\libc.a(__filll_mem.o)
 .debug_abbrev  0x000037bb       0x95 C:/Freescale/CW MCU v10.6.4/MCU/ARM_GCC_Support/ewl/lib/armv6-m\libc.a(memcpy.o)
 .debug_abbrev  0x00003850       0x78 C:/Freescale/CW MCU v10.6.4/MCU/ARM_GCC_Support/ewl/lib/armv6-m\libc.a(strcpy.o)
 .debug_abbrev  0x000038c8       0x7a C:/Freescale/CW MCU v10.6.4/MCU/ARM_GCC_Support/ewl/lib/armv6-m\libc.a(strlen.o)
 .debug_abbrev  0x00003942      0x254 C:/Freescale/CW MCU v10.6.4/MCU/ARM_GCC_Support/ewl/lib/armv6-m\libc.a(printformat_fp.o)
 .debug_abbrev  0x00003b96      0x1f0 C:/Freescale/CW MCU v10.6.4/MCU/ARM_GCC_Support/ewl/lib/armv6-m\libc.a(scanformat_.o)
 .debug_abbrev  0x00003d86       0x9e C:/Freescale/CW MCU v10.6.4/MCU/ARM_GCC_Support/ewl/lib/armv6-m\libc.a(ctype_aeabi.o)
 .debug_abbrev  0x00003e24       0x95 C:/Freescale/CW MCU v10.6.4/MCU/ARM_GCC_Support/ewl/lib/armv6-m\libc.a(memchr.o)
 .debug_abbrev  0x00003eb9      0x15d C:/Freescale/CW MCU v10.6.4/MCU/ARM_GCC_Support/ewl/lib/armv6-m\libm.a(ansi_fp.o)
 .debug_abbrev  0x00004016       0xe8 C:/Freescale/CW MCU v10.6.4/MCU/ARM_GCC_Support/ewl/lib/armv6-m\libm.a(math_api.o)
 .debug_abbrev  0x000040fe       0xce C:/Freescale/CW MCU v10.6.4/MCU/ARM_GCC_Support/ewl/lib/armv6-m\libm.a(s_frexp.o)
 .debug_abbrev  0x000041cc       0x99 C:/Freescale/CW MCU v10.6.4/MCU/ARM_GCC_Support/ewl/lib/armv6-m\librt.a(gcc_ctor_dtor.o)
 .debug_abbrev  0x00004265      0x1b3 C:/Freescale/CW MCU v10.6.4/MCU/ARM_GCC_Support/ewl/lib/armv6-m\librt.a(__arm_eabi_init.o)
 .debug_abbrev  0x00004418      0x120 C:/Freescale/CW MCU v10.6.4/MCU/ARM_GCC_Support/ewl/lib/armv6-m\librt.a(ROMCopy.o)

.debug_loc      0x00000000     0x8509
 .debug_loc     0x00000000       0xa8 ./Generated_Code/WDog1.o
 .debug_loc     0x000000a8       0x38 ./Generated_Code/UartWakeInt.o
 .debug_loc     0x000000e0       0xe0 ./Generated_Code/TimerIntLdd1.o
 .debug_loc     0x000001c0       0xe0 ./Generated_Code/TU1.o
 .debug_loc     0x000002a0       0x38 ./Generated_Code/TI1.o
 .debug_loc     0x000002d8       0x2c ./Generated_Code/TButton.o
 .debug_loc     0x00000304       0x9c ./Generated_Code/PE_LDD.o
 .debug_loc     0x000003a0       0xe0 ./Generated_Code/LatchCurrent.o
 .debug_loc     0x00000480       0x2c ./Generated_Code/LPTMR0.o
 .debug_loc     0x000004ac      0x2a0 ./Generated_Code/IntFlashLdd1.o
 .debug_loc     0x0000074c       0xe0 ./Generated_Code/IRDRV.o
 .debug_loc     0x0000082c      0x404 ./Generated_Code/IFsh1.o
 .debug_loc     0x00000c30      0x118 ./Generated_Code/ExtIntLdd1.o
 .debug_loc     0x00000d48      0x1b0 ./Generated_Code/Cpu.o
 .debug_loc     0x00000ef8       0xa8 ./Generated_Code/BitIoLdd9.o
 .debug_loc     0x00000fa0      0x188 ./Generated_Code/BitIoLdd8.o
 .debug_loc     0x00001128       0x70 ./Generated_Code/BitIoLdd7.o
 .debug_loc     0x00001198       0xa8 ./Generated_Code/BitIoLdd6.o
 .debug_loc     0x00001240       0xe0 ./Generated_Code/BitIoLdd5.o
 .debug_loc     0x00001320      0x118 ./Generated_Code/BitIoLdd4.o
 .debug_loc     0x00001438       0xa8 ./Generated_Code/BitIoLdd3.o
 .debug_loc     0x000014e0       0xa8 ./Generated_Code/BitIoLdd2.o
 .debug_loc     0x00001588      0x1c0 ./Generated_Code/BitIoLdd12.o
 .debug_loc     0x00001748      0x118 ./Generated_Code/BitIoLdd11.o
 .debug_loc     0x00001860      0x118 ./Generated_Code/BitIoLdd10.o
 .debug_loc     0x00001978       0xe0 ./Generated_Code/BitIoLdd1.o
 .debug_loc     0x00001a58      0x1c0 ./Generated_Code/AdcLdd1.o
 .debug_loc     0x00001c18      0x2e4 ./Generated_Code/ASerialLdd1.o
 .debug_loc     0x00001efc      0x490 ./Generated_Code/AS1.o
 .debug_loc     0x0000238c      0x184 ./Generated_Code/AD1.o
 .debug_loc     0x00002510       0x2c ./Project_Settings/Startup_Code/__arm_start.o
 .debug_loc     0x0000253c       0x38 ./Project_Settings/Startup_Code/__arm_end.o
 .debug_loc     0x00002574      0x25c ./Sources/main.o
 .debug_loc     0x000027d0      0x19a ./Sources/boot.o
 .debug_loc     0x0000296a      0x4f0 ./Sources/SystemInit.o
 .debug_loc     0x00002e5a      0x68c ./Sources/NCP_Helpers.o
 .debug_loc     0x000034e6      0x771 ./Sources/IRSensor.o
 .debug_loc     0x00003c57      0x1a4 ./Sources/Events.o
 .debug_loc     0x00003dfb      0x330 ./Sources/src/MessageWriter.o
 .debug_loc     0x0000412b      0x578 ./Sources/src/MessageBuffer.o
 .debug_loc     0x000046a3      0x290 ./Sources/src/BlynkRpcUartFraming.o
 .debug_loc     0x00004933       0x38 ./Sources/src/BlynkRpcInfraUart.o
 .debug_loc     0x0000496b      0x17c ./Sources/src/BlynkRpcInfra.o
 .debug_loc     0x00004ae7      0x19c ./Sources/src/BlynkRpcClientWeakImpl.o
 .debug_loc     0x00004c83      0x2d8 ./Sources/src/BlynkRpcClient.o
 .debug_loc     0x00004f5b       0x3e C:/Freescale/CW MCU v10.6.4/MCU/ARM_GCC_Support/ewl/lib/armv6-m\libc.a(exit.o)
 .debug_loc     0x00004f99      0x305 C:/Freescale/CW MCU v10.6.4/MCU/ARM_GCC_Support/ewl/lib/armv6-m\libc.a(__strtoul.o)
 .debug_loc     0x0000529e       0xaf C:/Freescale/CW MCU v10.6.4/MCU/ARM_GCC_Support/ewl/lib/armv6-m\libc.a(strchr.o)
 .debug_loc     0x0000534d       0x6f C:/Freescale/CW MCU v10.6.4/MCU/ARM_GCC_Support/ewl/lib/armv6-m\libc.a(memset.o)
 .debug_loc     0x000053bc      0x14a C:/Freescale/CW MCU v10.6.4/MCU/ARM_GCC_Support/ewl/lib/armv6-m\libc.a(__filll_mem.o)
 .debug_loc     0x00005506       0x59 C:/Freescale/CW MCU v10.6.4/MCU/ARM_GCC_Support/ewl/lib/armv6-m\libc.a(memcpy.o)
 .debug_loc     0x0000555f       0x20 C:/Freescale/CW MCU v10.6.4/MCU/ARM_GCC_Support/ewl/lib/armv6-m\libc.a(strcpy.o)
 .debug_loc     0x0000557f       0x33 C:/Freescale/CW MCU v10.6.4/MCU/ARM_GCC_Support/ewl/lib/armv6-m\libc.a(strlen.o)
 .debug_loc     0x000055b2     0x15bd C:/Freescale/CW MCU v10.6.4/MCU/ARM_GCC_Support/ewl/lib/armv6-m\libc.a(printformat_fp.o)
 .debug_loc     0x00006b6f      0x9d8 C:/Freescale/CW MCU v10.6.4/MCU/ARM_GCC_Support/ewl/lib/armv6-m\libc.a(scanformat_.o)
 .debug_loc     0x00007547      0x30d C:/Freescale/CW MCU v10.6.4/MCU/ARM_GCC_Support/ewl/lib/armv6-m\libc.a(ctype_aeabi.o)
 .debug_loc     0x00007854       0x77 C:/Freescale/CW MCU v10.6.4/MCU/ARM_GCC_Support/ewl/lib/armv6-m\libc.a(memchr.o)
 .debug_loc     0x000078cb      0x599 C:/Freescale/CW MCU v10.6.4/MCU/ARM_GCC_Support/ewl/lib/armv6-m\libm.a(ansi_fp.o)
 .debug_loc     0x00007e64      0x2d7 C:/Freescale/CW MCU v10.6.4/MCU/ARM_GCC_Support/ewl/lib/armv6-m\libm.a(math_api.o)
 .debug_loc     0x0000813b       0xc1 C:/Freescale/CW MCU v10.6.4/MCU/ARM_GCC_Support/ewl/lib/armv6-m\libm.a(s_frexp.o)
 .debug_loc     0x000081fc       0x9d C:/Freescale/CW MCU v10.6.4/MCU/ARM_GCC_Support/ewl/lib/armv6-m\librt.a(gcc_ctor_dtor.o)
 .debug_loc     0x00008299      0x197 C:/Freescale/CW MCU v10.6.4/MCU/ARM_GCC_Support/ewl/lib/armv6-m\librt.a(__arm_eabi_init.o)
 .debug_loc     0x00008430       0xd9 C:/Freescale/CW MCU v10.6.4/MCU/ARM_GCC_Support/ewl/lib/armv6-m\librt.a(ROMCopy.o)

.debug_aranges  0x00000000     0x13c0
 .debug_aranges
                0x00000000       0x30 ./Generated_Code/WDog1.o
 .debug_aranges
                0x00000030       0x18 ./Generated_Code/Vectors.o
 .debug_aranges
                0x00000048       0x20 ./Generated_Code/UartWakeInt.o
 .debug_aranges
                0x00000068       0x38 ./Generated_Code/TimerIntLdd1.o
 .debug_aranges
                0x000000a0       0x38 ./Generated_Code/TU1.o
 .debug_aranges
                0x000000d8       0x20 ./Generated_Code/TI1.o
 .debug_aranges
                0x000000f8       0x20 ./Generated_Code/TButton.o
 .debug_aranges
                0x00000118       0x30 ./Generated_Code/PE_LDD.o
 .debug_aranges
                0x00000148       0x38 ./Generated_Code/LatchCurrent.o
 .debug_aranges
                0x00000180       0x20 ./Generated_Code/LPTMR0.o
 .debug_aranges
                0x000001a0       0x78 ./Generated_Code/IntFlashLdd1.o
 .debug_aranges
                0x00000218       0x38 ./Generated_Code/IRDRV.o
 .debug_aranges
                0x00000250       0xb0 ./Generated_Code/IFsh1.o
 .debug_aranges
                0x00000300       0x40 ./Generated_Code/ExtIntLdd1.o
 .debug_aranges
                0x00000340       0x60 ./Generated_Code/Cpu.o
 .debug_aranges
                0x000003a0       0x30 ./Generated_Code/BitIoLdd9.o
 .debug_aranges
                0x000003d0       0x50 ./Generated_Code/BitIoLdd8.o
 .debug_aranges
                0x00000420       0x28 ./Generated_Code/BitIoLdd7.o
 .debug_aranges
                0x00000448       0x30 ./Generated_Code/BitIoLdd6.o
 .debug_aranges
                0x00000478       0x38 ./Generated_Code/BitIoLdd5.o
 .debug_aranges
                0x000004b0       0x40 ./Generated_Code/BitIoLdd4.o
 .debug_aranges
                0x000004f0       0x30 ./Generated_Code/BitIoLdd3.o
 .debug_aranges
                0x00000520       0x30 ./Generated_Code/BitIoLdd2.o
 .debug_aranges
                0x00000550       0x58 ./Generated_Code/BitIoLdd12.o
 .debug_aranges
                0x000005a8       0x40 ./Generated_Code/BitIoLdd11.o
 .debug_aranges
                0x000005e8       0x40 ./Generated_Code/BitIoLdd10.o
 .debug_aranges
                0x00000628       0x38 ./Generated_Code/BitIoLdd1.o
 .debug_aranges
                0x00000660       0x58 ./Generated_Code/AdcLdd1.o
 .debug_aranges
                0x000006b8       0x80 ./Generated_Code/ASerialLdd1.o
 .debug_aranges
                0x00000738       0xd0 ./Generated_Code/AS1.o
 .debug_aranges
                0x00000808       0x58 ./Generated_Code/AD1.o
 .debug_aranges
                0x00000860       0x30 ./Project_Settings/Startup_Code/__arm_start.o
 .debug_aranges
                0x00000890       0x20 ./Project_Settings/Startup_Code/__arm_end.o
 .debug_aranges
                0x000008b0       0x70 ./Sources/main.o
 .debug_aranges
                0x00000920       0x70 ./Sources/boot.o
 .debug_aranges
                0x00000990       0xe0 ./Sources/SystemInit.o
 .debug_aranges
                0x00000a70      0x110 ./Sources/NCP_Helpers.o
 .debug_aranges
                0x00000b80      0x140 ./Sources/IRSensor.o
 .debug_aranges
                0x00000cc0       0x60 ./Sources/Events.o
 .debug_aranges
                0x00000d20       0x90 ./Sources/src/MessageWriter.o
 .debug_aranges
                0x00000db0       0xe0 ./Sources/src/MessageBuffer.o
 .debug_aranges
                0x00000e90       0x80 ./Sources/src/BlynkRpcUartFraming.o
 .debug_aranges
                0x00000f10       0x20 ./Sources/src/BlynkRpcInfraUart.o
 .debug_aranges
                0x00000f30       0x50 ./Sources/src/BlynkRpcInfra.o
 .debug_aranges
                0x00000f80       0x58 ./Sources/src/BlynkRpcClientWeakImpl.o
 .debug_aranges
                0x00000fd8       0x80 ./Sources/src/BlynkRpcClient.o
 .debug_aranges
                0x00001058       0x18 ./Sources/src/BlynkRpcCRC8.o
 .debug_aranges
                0x00001070       0x20 C:/Freescale/CW MCU v10.6.4/MCU/ARM_GCC_Support/ewl/lib/armv6-m\libc.a(exit.o)
 .debug_aranges
                0x00001090       0x20 C:/Freescale/CW MCU v10.6.4/MCU/ARM_GCC_Support/ewl/lib/armv6-m\libc.a(__strtoul.o)
 .debug_aranges
                0x000010b0       0x20 C:/Freescale/CW MCU v10.6.4/MCU/ARM_GCC_Support/ewl/lib/armv6-m\libc.a(strchr.o)
 .debug_aranges
                0x000010d0       0x20 C:/Freescale/CW MCU v10.6.4/MCU/ARM_GCC_Support/ewl/lib/armv6-m\libc.a(memset.o)
 .debug_aranges
                0x000010f0       0x20 C:/Freescale/CW MCU v10.6.4/MCU/ARM_GCC_Support/ewl/lib/armv6-m\libc.a(__filll_mem.o)
 .debug_aranges
                0x00001110       0x20 C:/Freescale/CW MCU v10.6.4/MCU/ARM_GCC_Support/ewl/lib/armv6-m\libc.a(memcpy.o)
 .debug_aranges
                0x00001130       0x20 C:/Freescale/CW MCU v10.6.4/MCU/ARM_GCC_Support/ewl/lib/armv6-m\libc.a(strcpy.o)
 .debug_aranges
                0x00001150       0x20 C:/Freescale/CW MCU v10.6.4/MCU/ARM_GCC_Support/ewl/lib/armv6-m\libc.a(strlen.o)
 .debug_aranges
                0x00001170       0x28 C:/Freescale/CW MCU v10.6.4/MCU/ARM_GCC_Support/ewl/lib/armv6-m\libc.a(printformat_fp.o)
 .debug_aranges
                0x00001198       0x20 C:/Freescale/CW MCU v10.6.4/MCU/ARM_GCC_Support/ewl/lib/armv6-m\libc.a(scanformat_.o)
 .debug_aranges
                0x000011b8       0x88 C:/Freescale/CW MCU v10.6.4/MCU/ARM_GCC_Support/ewl/lib/armv6-m\libc.a(ctype_aeabi.o)
 .debug_aranges
                0x00001240       0x20 C:/Freescale/CW MCU v10.6.4/MCU/ARM_GCC_Support/ewl/lib/armv6-m\libc.a(memchr.o)
 .debug_aranges
                0x00001260       0x30 C:/Freescale/CW MCU v10.6.4/MCU/ARM_GCC_Support/ewl/lib/armv6-m\libm.a(ansi_fp.o)
 .debug_aranges
                0x00001290       0x60 C:/Freescale/CW MCU v10.6.4/MCU/ARM_GCC_Support/ewl/lib/armv6-m\libm.a(math_api.o)
 .debug_aranges
                0x000012f0       0x20 C:/Freescale/CW MCU v10.6.4/MCU/ARM_GCC_Support/ewl/lib/armv6-m\libm.a(s_frexp.o)
 .debug_aranges
                0x00001310       0x28 C:/Freescale/CW MCU v10.6.4/MCU/ARM_GCC_Support/ewl/lib/armv6-m\librt.a(gcc_ctor_dtor.o)
 .debug_aranges
                0x00001338       0x58 C:/Freescale/CW MCU v10.6.4/MCU/ARM_GCC_Support/ewl/lib/armv6-m\librt.a(__arm_eabi_init.o)
 .debug_aranges
                0x00001390       0x30 C:/Freescale/CW MCU v10.6.4/MCU/ARM_GCC_Support/ewl/lib/armv6-m\librt.a(ROMCopy.o)

.debug_macinfo  0x00000000   0x7d489a
 .debug_macinfo
                0x00000000    0x2c90c ./Generated_Code/WDog1.o
 .debug_macinfo
                0x0002c90c    0x41685 ./Generated_Code/Vectors.o
 .debug_macinfo
                0x0006df91    0x415d2 ./Generated_Code/UartWakeInt.o
 .debug_macinfo
                0x000af563    0x2e3ed ./Generated_Code/TimerIntLdd1.o
 .debug_macinfo
                0x000dd950    0x2e365 ./Generated_Code/TU1.o
 .debug_macinfo
                0x0010bcb5    0x415d2 ./Generated_Code/TI1.o
 .debug_macinfo
                0x0014d287    0x2c0f3 ./Generated_Code/TButton.o
 .debug_macinfo
                0x0017937a    0x410a6 ./Generated_Code/PE_LDD.o
 .debug_macinfo
                0x001ba420    0x415d2 ./Generated_Code/LatchCurrent.o
 .debug_macinfo
                0x001fb9f2    0x2c0f3 ./Generated_Code/LPTMR0.o
 .debug_macinfo
                0x00227ae5    0x31ccf ./Generated_Code/IntFlashLdd1.o
 .debug_macinfo
                0x002597b4    0x2de59 ./Generated_Code/IRDRV.o
 .debug_macinfo
                0x0028760d    0x31cbb ./Generated_Code/IFsh1.o
 .debug_macinfo
                0x002b92c8    0x3081a ./Generated_Code/ExtIntLdd1.o
 .debug_macinfo
                0x002e9ae2    0x41685 ./Generated_Code/Cpu.o
 .debug_macinfo
                0x0032b167    0x2d023 ./Generated_Code/BitIoLdd9.o
 .debug_macinfo
                0x0035818a    0x2d0b8 ./Generated_Code/BitIoLdd8.o
 .debug_macinfo
                0x00385242    0x2d000 ./Generated_Code/BitIoLdd7.o
 .debug_macinfo
                0x003b2242    0x2d029 ./Generated_Code/BitIoLdd6.o
 .debug_macinfo
                0x003df26b    0x2d046 ./Generated_Code/BitIoLdd5.o
 .debug_macinfo
                0x0040c2b1    0x2d069 ./Generated_Code/BitIoLdd4.o
 .debug_macinfo
                0x0043931a    0x2d029 ./Generated_Code/BitIoLdd3.o
 .debug_macinfo
                0x00466343    0x2d023 ./Generated_Code/BitIoLdd2.o
 .debug_macinfo
                0x00493366    0x2d0e6 ./Generated_Code/BitIoLdd12.o
 .debug_macinfo
                0x004c044c    0x2d07b ./Generated_Code/BitIoLdd11.o
 .debug_macinfo
                0x004ed4c7    0x2d075 ./Generated_Code/BitIoLdd10.o
 .debug_macinfo
                0x0051a53c    0x2d046 ./Generated_Code/BitIoLdd1.o
 .debug_macinfo
                0x00547582    0x316d4 ./Generated_Code/AdcLdd1.o
 .debug_macinfo
                0x00578c56    0x36921 ./Generated_Code/ASerialLdd1.o
 .debug_macinfo
                0x005af577    0x41728 ./Generated_Code/AS1.o
 .debug_macinfo
                0x005f0c9f    0x3161b ./Generated_Code/AD1.o
 .debug_macinfo
                0x006222ba     0x3e6d ./Project_Settings/Startup_Code/__arm_start.o
 .debug_macinfo
                0x00626127     0x3456 ./Project_Settings/Startup_Code/__arm_end.o
 .debug_macinfo
                0x0062957d    0x41944 ./Sources/main.o
 .debug_macinfo
                0x0066aec1    0x42fc3 ./Sources/boot.o
 .debug_macinfo
                0x006ade84    0x42663 ./Sources/SystemInit.o
 .debug_macinfo
                0x006f04e7    0x41930 ./Sources/NCP_Helpers.o
 .debug_macinfo
                0x00731e17    0x41b70 ./Sources/IRSensor.o
 .debug_macinfo
                0x00773987    0x415df ./Sources/Events.o
 .debug_macinfo
                0x007b4f66     0x3ecd ./Sources/src/MessageWriter.o
 .debug_macinfo
                0x007b8e33     0x3e95 ./Sources/src/MessageBuffer.o
 .debug_macinfo
                0x007bccc8     0x3fdb ./Sources/src/BlynkRpcUartFraming.o
 .debug_macinfo
                0x007c0ca3     0x3fc3 ./Sources/src/BlynkRpcInfraUart.o
 .debug_macinfo
                0x007c4c66     0x3fa3 ./Sources/src/BlynkRpcInfra.o
 .debug_macinfo
                0x007c8c09     0x3fa3 ./Sources/src/BlynkRpcClientWeakImpl.o
 .debug_macinfo
                0x007ccbac     0x4035 ./Sources/src/BlynkRpcClient.o
 .debug_macinfo
                0x007d0be1     0x3cb9 ./Sources/src/BlynkRpcCRC8.o

.debug_line     0x00000000     0xe6a7
 .debug_line    0x00000000      0x2bd ./Generated_Code/WDog1.o
 .debug_line    0x000002bd      0x8a3 ./Generated_Code/Vectors.o
 .debug_line    0x00000b60      0x63e ./Generated_Code/UartWakeInt.o
 .debug_line    0x0000119e      0x2e7 ./Generated_Code/TimerIntLdd1.o
 .debug_line    0x00001485      0x2e9 ./Generated_Code/TU1.o
 .debug_line    0x0000176e      0x62e ./Generated_Code/TI1.o
 .debug_line    0x00001d9c      0x229 ./Generated_Code/TButton.o
 .debug_line    0x00001fc5      0x5f1 ./Generated_Code/PE_LDD.o
 .debug_line    0x000025b6      0x682 ./Generated_Code/LatchCurrent.o
 .debug_line    0x00002c38      0x227 ./Generated_Code/LPTMR0.o
 .debug_line    0x00002e5f      0x46c ./Generated_Code/IntFlashLdd1.o
 .debug_line    0x000032cb      0x2cc ./Generated_Code/IRDRV.o
 .debug_line    0x00003597      0x47a ./Generated_Code/IFsh1.o
 .debug_line    0x00003a11      0x300 ./Generated_Code/ExtIntLdd1.o
 .debug_line    0x00003d11      0x9c9 ./Generated_Code/Cpu.o
 .debug_line    0x000046da      0x2b3 ./Generated_Code/BitIoLdd9.o
 .debug_line    0x0000498d      0x301 ./Generated_Code/BitIoLdd8.o
 .debug_line    0x00004c8e      0x2a1 ./Generated_Code/BitIoLdd7.o
 .debug_line    0x00004f2f      0x2b3 ./Generated_Code/BitIoLdd6.o
 .debug_line    0x000051e2      0x2c6 ./Generated_Code/BitIoLdd5.o
 .debug_line    0x000054a8      0x2da ./Generated_Code/BitIoLdd4.o
 .debug_line    0x00005782      0x2b3 ./Generated_Code/BitIoLdd3.o
 .debug_line    0x00005a35      0x2b3 ./Generated_Code/BitIoLdd2.o
 .debug_line    0x00005ce8      0x315 ./Generated_Code/BitIoLdd12.o
 .debug_line    0x00005ffd      0x2dc ./Generated_Code/BitIoLdd11.o
 .debug_line    0x000062d9      0x2dc ./Generated_Code/BitIoLdd10.o
 .debug_line    0x000065b5      0x2c6 ./Generated_Code/BitIoLdd1.o
 .debug_line    0x0000687b      0x33d ./Generated_Code/AdcLdd1.o
 .debug_line    0x00006bb8      0x40c ./Generated_Code/ASerialLdd1.o
 .debug_line    0x00006fc4      0x8b6 ./Generated_Code/AS1.o
 .debug_line    0x0000787a      0x345 ./Generated_Code/AD1.o
 .debug_line    0x00007bbf      0x28e ./Project_Settings/Startup_Code/__arm_start.o
 .debug_line    0x00007e4d      0x26d ./Project_Settings/Startup_Code/__arm_end.o
 .debug_line    0x000080ba      0x862 ./Sources/main.o
 .debug_line    0x0000891c      0x97b ./Sources/boot.o
 .debug_line    0x00009297      0x9f5 ./Sources/SystemInit.o
 .debug_line    0x00009c8c      0xa7c ./Sources/NCP_Helpers.o
 .debug_line    0x0000a708      0xa6e ./Sources/IRSensor.o
 .debug_line    0x0000b176      0x6a2 ./Sources/Events.o
 .debug_line    0x0000b818      0x372 ./Sources/src/MessageWriter.o